当前可用 SDK：
  9.0.302 [C:\Program Files\dotnet\sdk]
隔离构建输出：q14-isolated-build
测试临时目录：q14-isolated-build\test-temp

==> 检查 XAML 结构
XAML structural validation passed for 24 file(s).

==> 显示当前 SDK 信息
.NET SDK:
 Version:           9.0.302
 Commit:            bb2550b9af
 Workload version:  9.0.300-manifests.183aaee6
 MSBuild version:   17.14.13+65391c53b

运行时环境:
 OS Name:     Windows
 OS Version:  10.0.22000
 OS Platform: Windows
 RID:         win-x64
 Base Path:   C:\Program Files\dotnet\sdk\9.0.302\

已安装 .NET 工作负载:
没有要显示的已安装工作负载。
配置为在安装新清单时使用 loose manifests。

Host:
  Version:      9.0.7
  Architecture: x64
  Commit:       3c298d9f00

.NET SDKs installed:
  9.0.302 [C:\Program Files\dotnet\sdk]

.NET runtimes installed:
  Microsoft.AspNetCore.App 8.0.18 [C:\Program Files\dotnet\shared\Microsoft.AspNetCore.App]
  Microsoft.AspNetCore.App 9.0.7 [C:\Program Files\dotnet\shared\Microsoft.AspNetCore.App]
  Microsoft.NETCore.App 8.0.18 [C:\Program Files\dotnet\shared\Microsoft.NETCore.App]
  Microsoft.NETCore.App 9.0.7 [C:\Program Files\dotnet\shared\Microsoft.NETCore.App]
  Microsoft.WindowsDesktop.App 8.0.18 [C:\Program Files\dotnet\shared\Microsoft.WindowsDesktop.App]
  Microsoft.WindowsDesktop.App 9.0.7 [C:\Program Files\dotnet\shared\Microsoft.WindowsDesktop.App]

Other architectures found:
  x86   [C:\Program Files (x86)\dotnet]
    registered at [HKLM\SOFTWARE\dotnet\Setup\InstalledVersions\x86\InstallLocation]

Environment variables:
  Not set

global.json file:
  repo\global.json

Learn more:
  https://aka.ms/dotnet/info

Download .NET:
  https://aka.ms/dotnet/download

==> 还原 NuGet 依赖
  正在确定要还原的项目…
  已还原 repo\tests\GameSaveCenter.Core.Tests\GameSaveCenter.Core.Tests.csproj (用时 165 毫秒)。
  已还原 repo\tests\GameSaveCenter.Playnite.HostAuditSeeder\GameSaveCenter.Playnite.HostAuditSeeder.csproj (用时 158 毫秒)。
  已还原 repo\src\GameSaveCenter.Playnite\GameSaveCenter.Playnite.csproj (用时 158 毫秒)。
  已还原 repo\src\GameSaveCenter.Contracts\GameSaveCenter.Contracts.csproj (用时 158 毫秒)。
  已还原 repo\src\GameSaveCenter.Core\GameSaveCenter.Core.csproj (用时 158 毫秒)。
  已还原 repo\tests\GameSaveCenter.Playnite.Tests\GameSaveCenter.Playnite.Tests.csproj (用时 165 毫秒)。
  已还原 repo\tests\GameSaveCenter.Worker.Tests\GameSaveCenter.Worker.Tests.csproj (用时 241 毫秒)。
  已还原 repo\src\GameSaveCenter.Worker\GameSaveCenter.Worker.csproj (用时 254 毫秒)。

==> 编译解决方案（Release）
  GameSaveCenter.Contracts -> q14-isolated-build\bin\GameSaveCenter.Contracts\Release\netstandard2.0\GameSaveCenter.Contracts.dll
  GameSaveCenter.Core -> q14-isolated-build\bin\GameSaveCenter.Core\Release\netstandard2.0\GameSaveCenter.Core.dll
  GameSaveCenter.Worker -> q14-isolated-build\bin\GameSaveCenter.Worker\Release\net8.0-windows10.0.19041.0\GameSaveCenter.Worker.dll
  GameSaveCenter.Playnite -> q14-isolated-build\bin\GameSaveCenter.Playnite\Release\net462\GameSaveCenter.Playnite.dll
  GameSaveCenter.Core.Tests -> q14-isolated-build\bin\GameSaveCenter.Core.Tests\Release\net8.0\GameSaveCenter.Core.Tests.dll
  GameSaveCenter.Worker.Tests -> q14-isolated-build\bin\GameSaveCenter.Worker.Tests\Release\net8.0-windows10.0.19041.0\GameSaveCenter.Worker.Tests.dll
  GameSaveCenter.Playnite.HostAuditSeeder -> q14-isolated-build\bin\GameSaveCenter.Playnite.HostAuditSeeder\Release\net462\GameSaveCenter.Playnite.HostAuditSeeder.dll
  GameSaveCenter.Playnite.Tests -> q14-isolated-build\bin\GameSaveCenter.Playnite.Tests\Release\net472\GameSaveCenter.Playnite.Tests.dll

已成功生成。
    0 个警告
    0 个错误

已用时间 00:00:22.95

构建与测试全部成功。下一步可运行 scripts/package.ps1
