<?xml version="1.0" encoding="utf-8"?>
<TestRun id="d5966aac-da92-4d5a-84f5-bf81458d8a54" name="redacted-test-run" runUser="runnervmfi6oq\runneradmin" xmlns="http://microsoft.com/schemas/VisualStudio/TeamTest/2010">
  <Times creation="2026-10-07T03:22:41.7686853+00:00" queuing="2026-10-07T03:22:41.7686854+00:00" start="2026-10-07T03:22:37.1972749+00:00" finish="2026-10-07T03:22:41.7749955+00:00" />
  <TestSettings name="default" id="226929c2-1579-43c0-ad38-5f48202db7d6">
    <Deployment runDeploymentRoot="runneradmin_runnervmfi6oq_2026-10-07_03_22_41" />
  </TestSettings>
  <Results>
    <UnitTestResult executionId="849923e8-2af1-419e-82b1-8783dc75a451" testId="194138ca-7b60-1f77-a303-7227b637927f" testName="GameSaveCenter.Playnite.Tests.Q13ScrollBarThumbBehaviorTests.ProductionThumbCapsStaySymmetricAndHoverFollowsThemeInBothOrientations" computerName="redacted-host" duration="00:00:01.6570000" startTime="2026-10-07T03:22:39.9962542+00:00" endTime="2026-10-07T03:22:41.6462083+00:00" testType="13cdc9d9-ddb5-4fa4-a97d-d965ccfc6d4b" outcome="Passed" testListId="8c84fa94-04c1-424b-9868-57a2d4851a1d" relativeResultsDirectory="849923e8-2af1-419e-82b1-8783dc75a451" />
  </Results>
  <TestDefinitions>
    <UnitTest name="GameSaveCenter.Playnite.Tests.Q13ScrollBarThumbBehaviorTests.ProductionThumbCapsStaySymmetricAndHoverFollowsThemeInBothOrientations" storage="[repo]\tests\gamesavecenter.playnite.tests\bin\release\net472\gamesavecenter.playnite.tests.dll" id="194138ca-7b60-1f77-a303-7227b637927f">
      <Execution id="849923e8-2af1-419e-82b1-8783dc75a451" />
      <TestMethod codeBase="[repo]\tests\GameSaveCenter.Playnite.Tests\bin\Release\net472\GameSaveCenter.Playnite.Tests.dll" adapterTypeName="executor://xunit/VsTestRunner3/netfx/" className="GameSaveCenter.Playnite.Tests.Q13ScrollBarThumbBehaviorTests" name="ProductionThumbCapsStaySymmetricAndHoverFollowsThemeInBothOrientations" />
    </UnitTest>
  </TestDefinitions>
  <TestEntries>
    <TestEntry testId="194138ca-7b60-1f77-a303-7227b637927f" executionId="849923e8-2af1-419e-82b1-8783dc75a451" testListId="8c84fa94-04c1-424b-9868-57a2d4851a1d" />
  </TestEntries>
  <TestLists>
    <TestList name="Results Not in a List" id="8c84fa94-04c1-424b-9868-57a2d4851a1d" />
    <TestList name="All Loaded Results" id="19431567-8539-422a-85d7-44ee4e166bda" />
  </TestLists>
  <ResultSummary outcome="Completed">
    <Counters total="1" executed="1" passed="1" failed="0" error="0" timeout="0" aborted="0" inconclusive="0" passedButRunAborted="0" notRunnable="0" notExecuted="0" disconnected="0" warning="0" completed="0" inProgress="0" pending="0" />
    <Output>
      <StdOut>[xUnit.net 00:00:00.00] xUnit.net VSTest Adapter v3.1.4+50e68bbb8b (64-bit .NET Framework 4.8.9345.0)&#xD;
[xUnit.net 00:00:00.49]   Discovering: GameSaveCenter.Playnite.Tests&#xD;
[xUnit.net 00:00:02.13]   Discovered:  GameSaveCenter.Playnite.Tests&#xD;
[xUnit.net 00:00:02.19]   Starting:    GameSaveCenter.Playnite.Tests&#xD;
[xUnit.net 00:00:03.92]   Finished:    GameSaveCenter.Playnite.Tests&#xD;
</StdOut>
    </Output>
  </ResultSummary>
</TestRun>