<?xml version="1.0" encoding="utf-8"?>
<TestRun id="4dea0300-55b7-4dfc-9b67-b006cc1f1848" name="redacted-test-run" runUser="DESKTOP-JQSHHCV\lopmatuse" xmlns="http://microsoft.com/schemas/VisualStudio/TeamTest/2010">
  <Times creation="2026-10-07T10:56:48.4467220+08:00" queuing="2026-10-07T10:56:48.4467224+08:00" start="2026-10-07T10:56:30.2114439+08:00" finish="2026-10-07T10:57:05.3860790+08:00" />
  <TestSettings name="default" id="7d3dd728-9128-4be6-a469-bdebb94f6d7e">
    <Deployment runDeploymentRoot="lopmatuse_DESKTOP-JQSHHCV_2026-10-07_10_56_48" />
  </TestSettings>
  <Results>
    <UnitTestResult executionId="10aec5ab-2b90-42a2-80f4-e46be0413277" testId="2b1bd52c-eae4-fa9a-03f5-5680e0a5546d" testName="GameSaveCenter.Playnite.Tests.MediaInboxGeometryTests.ProductionInboxKeepsFourRowsOrExposesThePageFallback" computerName="redacted-host" duration="00:00:05.4560000" startTime="2026-10-07T10:56:42.9023497+08:00" endTime="2026-10-07T10:56:48.3401473+08:00" testType="13cdc9d9-ddb5-4fa4-a97d-d965ccfc6d4b" outcome="Passed" testListId="8c84fa94-04c1-424b-9868-57a2d4851a1d" relativeResultsDirectory="10aec5ab-2b90-42a2-80f4-e46be0413277" />
    <UnitTestResult executionId="54838469-1ee6-44a6-a29c-dc01a675bc51" testId="0d207de1-b728-45f6-6b86-cbe2604ec1eb" testName="GameSaveCenter.Playnite.Tests.MediaInboxGeometryTests.ReadableFloorUsesTableChromeAndFrameChromeIndependently" computerName="redacted-host" duration="00:00:00.0410000" startTime="2026-10-07T10:56:48.4122785+08:00" endTime="2026-10-07T10:56:48.4137723+08:00" testType="13cdc9d9-ddb5-4fa4-a97d-d965ccfc6d4b" outcome="Passed" testListId="8c84fa94-04c1-424b-9868-57a2d4851a1d" relativeResultsDirectory="54838469-1ee6-44a6-a29c-dc01a675bc51" />
    <UnitTestResult executionId="412c434d-cb04-4107-a17f-293c62987cdb" testId="6fee876a-0e57-e7b4-851c-4a1af830dee0" testName="GameSaveCenter.Playnite.Tests.MediaInboxGeometryTests.NarrowInboxKeepsThePageScrollChannelWhenFooterWraps" computerName="redacted-host" duration="00:00:00.3760000" startTime="2026-10-07T10:56:48.4170848+08:00" endTime="2026-10-07T10:56:48.7567327+08:00" testType="13cdc9d9-ddb5-4fa4-a97d-d965ccfc6d4b" outcome="Passed" testListId="8c84fa94-04c1-424b-9868-57a2d4851a1d" relativeResultsDirectory="412c434d-cb04-4107-a17f-293c62987cdb" />
  </Results>
  <TestDefinitions>
    <UnitTest name="GameSaveCenter.Playnite.Tests.MediaInboxGeometryTests.ReadableFloorUsesTableChromeAndFrameChromeIndependently" storage="[repo]\.tmp\close-ci-20261007\build\bin\gamesavecenter.playnite.tests\release\net472\gamesavecenter.playnite.tests.dll" id="0d207de1-b728-45f6-6b86-cbe2604ec1eb">
      <Execution id="54838469-1ee6-44a6-a29c-dc01a675bc51" />
      <TestMethod codeBase="[repo]\.tmp\close-ci-20261007\build\bin\GameSaveCenter.Playnite.Tests\Release\net472\GameSaveCenter.Playnite.Tests.dll" adapterTypeName="executor://xunit/VsTestRunner3/netfx/" className="GameSaveCenter.Playnite.Tests.MediaInboxGeometryTests" name="ReadableFloorUsesTableChromeAndFrameChromeIndependently" />
    </UnitTest>
    <UnitTest name="GameSaveCenter.Playnite.Tests.MediaInboxGeometryTests.ProductionInboxKeepsFourRowsOrExposesThePageFallback" storage="[repo]\.tmp\close-ci-20261007\build\bin\gamesavecenter.playnite.tests\release\net472\gamesavecenter.playnite.tests.dll" id="2b1bd52c-eae4-fa9a-03f5-5680e0a5546d">
      <Execution id="10aec5ab-2b90-42a2-80f4-e46be0413277" />
      <TestMethod codeBase="[repo]\.tmp\close-ci-20261007\build\bin\GameSaveCenter.Playnite.Tests\Release\net472\GameSaveCenter.Playnite.Tests.dll" adapterTypeName="executor://xunit/VsTestRunner3/netfx/" className="GameSaveCenter.Playnite.Tests.MediaInboxGeometryTests" name="ProductionInboxKeepsFourRowsOrExposesThePageFallback" />
    </UnitTest>
    <UnitTest name="GameSaveCenter.Playnite.Tests.MediaInboxGeometryTests.NarrowInboxKeepsThePageScrollChannelWhenFooterWraps" storage="[repo]\.tmp\close-ci-20261007\build\bin\gamesavecenter.playnite.tests\release\net472\gamesavecenter.playnite.tests.dll" id="6fee876a-0e57-e7b4-851c-4a1af830dee0">
      <Execution id="412c434d-cb04-4107-a17f-293c62987cdb" />
      <TestMethod codeBase="[repo]\.tmp\close-ci-20261007\build\bin\GameSaveCenter.Playnite.Tests\Release\net472\GameSaveCenter.Playnite.Tests.dll" adapterTypeName="executor://xunit/VsTestRunner3/netfx/" className="GameSaveCenter.Playnite.Tests.MediaInboxGeometryTests" name="NarrowInboxKeepsThePageScrollChannelWhenFooterWraps" />
    </UnitTest>
  </TestDefinitions>
  <TestEntries>
    <TestEntry testId="2b1bd52c-eae4-fa9a-03f5-5680e0a5546d" executionId="10aec5ab-2b90-42a2-80f4-e46be0413277" testListId="8c84fa94-04c1-424b-9868-57a2d4851a1d" />
    <TestEntry testId="0d207de1-b728-45f6-6b86-cbe2604ec1eb" executionId="54838469-1ee6-44a6-a29c-dc01a675bc51" testListId="8c84fa94-04c1-424b-9868-57a2d4851a1d" />
    <TestEntry testId="6fee876a-0e57-e7b4-851c-4a1af830dee0" executionId="412c434d-cb04-4107-a17f-293c62987cdb" testListId="8c84fa94-04c1-424b-9868-57a2d4851a1d" />
  </TestEntries>
  <TestLists>
    <TestList name="列表中未列出的结果" id="8c84fa94-04c1-424b-9868-57a2d4851a1d" />
    <TestList name="所有已加载的结果" id="19431567-8539-422a-85d7-44ee4e166bda" />
  </TestLists>
  <ResultSummary outcome="Completed">
    <Counters total="3" executed="3" passed="3" failed="0" error="0" timeout="0" aborted="0" inconclusive="0" passedButRunAborted="0" notRunnable="0" notExecuted="0" disconnected="0" warning="0" completed="0" inProgress="0" pending="0" />
    <Output>
      <StdOut>[xUnit.net 00:00:00.01] xUnit.net VSTest Adapter v3.1.4+50e68bbb8b (64-bit .NET Framework 4.8.9221.0)&#xD;
[xUnit.net 00:00:07.73]   Discovering: GameSaveCenter.Playnite.Tests&#xD;
[xUnit.net 00:00:10.34]   Discovered:  GameSaveCenter.Playnite.Tests&#xD;
[xUnit.net 00:00:10.47]   Starting:    GameSaveCenter.Playnite.Tests&#xD;
[xUnit.net 00:00:16.46]   Finished:    GameSaveCenter.Playnite.Tests&#xD;
</StdOut>
    </Output>
  </ResultSummary>
</TestRun>