<?xml version="1.0" encoding="utf-8"?>
<TestRun id="bfe46533-312a-4f2b-bdbb-f47fe1756908" name="REDACTED 2026-09-30 08:12:26" runUser="REDACTED" xmlns="http://microsoft.com/schemas/VisualStudio/TeamTest/2010">
  <Times creation="2026-09-30T08:12:26.9664053+08:00" queuing="2026-09-30T08:12:26.9664057+08:00" start="2026-09-30T08:12:20.4521292+08:00" finish="2026-09-30T08:12:43.5420983+08:00" />
  <TestSettings name="default" id="6f5c09a0-f333-4876-915e-e56deb234656">
    <Deployment runDeploymentRoot="REDACTED_2026-09-30_08_12_26" />
  </TestSettings>
  <Results>
    <UnitTestResult executionId="c1923e87-8fcf-41d2-a01b-7ef2efaac0a2" testId="6fee876a-0e57-e7b4-851c-4a1af830dee0" testName="GameSaveCenter.Playnite.Tests.MediaInboxGeometryTests.NarrowInboxKeepsThePageScrollChannelWhenFooterWraps" computerName="REDACTED" duration="00:00:00.2390000" startTime="2026-09-30T08:12:26.9544465+08:00" endTime="2026-09-30T08:12:27.1726599+08:00" testType="13cdc9d9-ddb5-4fa4-a97d-d965ccfc6d4b" outcome="Passed" testListId="8c84fa94-04c1-424b-9868-57a2d4851a1d" relativeResultsDirectory="c1923e87-8fcf-41d2-a01b-7ef2efaac0a2" />
    <UnitTestResult executionId="309cb51f-1d5e-4adb-bae7-718d93839259" testId="0d207de1-b728-45f6-6b86-cbe2604ec1eb" testName="GameSaveCenter.Playnite.Tests.MediaInboxGeometryTests.ReadableFloorUsesTableChromeAndFrameChromeIndependently" computerName="REDACTED" duration="00:00:00.0150000" startTime="2026-09-30T08:12:26.9513443+08:00" endTime="2026-09-30T08:12:26.9523448+08:00" testType="13cdc9d9-ddb5-4fa4-a97d-d965ccfc6d4b" outcome="Passed" testListId="8c84fa94-04c1-424b-9868-57a2d4851a1d" relativeResultsDirectory="309cb51f-1d5e-4adb-bae7-718d93839259" />
    <UnitTestResult executionId="43195900-13d7-474a-bb60-7ea4b80e9632" testId="2b1bd52c-eae4-fa9a-03f5-5680e0a5546d" testName="GameSaveCenter.Playnite.Tests.MediaInboxGeometryTests.ProductionInboxKeepsFourRowsOrExposesThePageFallback" computerName="REDACTED" duration="00:00:02.6770000" startTime="2026-09-30T08:12:24.2559381+08:00" endTime="2026-09-30T08:12:26.9191127+08:00" testType="13cdc9d9-ddb5-4fa4-a97d-d965ccfc6d4b" outcome="Passed" testListId="8c84fa94-04c1-424b-9868-57a2d4851a1d" relativeResultsDirectory="43195900-13d7-474a-bb60-7ea4b80e9632" />
  </Results>
  <TestDefinitions>
    <UnitTest name="GameSaveCenter.Playnite.Tests.MediaInboxGeometryTests.ReadableFloorUsesTableChromeAndFrameChromeIndependently" storage="REPO\.tmp\g20b\bin\gamesavecenter.playnite.tests\release\net472\gamesavecenter.playnite.tests.dll" id="0d207de1-b728-45f6-6b86-cbe2604ec1eb">
      <Execution id="309cb51f-1d5e-4adb-bae7-718d93839259" />
      <TestMethod codeBase="REPO\.tmp\g20b\bin\GameSaveCenter.Playnite.Tests\Release\net472\GameSaveCenter.Playnite.Tests.dll" adapterTypeName="executor://xunit/VsTestRunner3/netfx/" className="GameSaveCenter.Playnite.Tests.MediaInboxGeometryTests" name="ReadableFloorUsesTableChromeAndFrameChromeIndependently" />
    </UnitTest>
    <UnitTest name="GameSaveCenter.Playnite.Tests.MediaInboxGeometryTests.ProductionInboxKeepsFourRowsOrExposesThePageFallback" storage="REPO\.tmp\g20b\bin\gamesavecenter.playnite.tests\release\net472\gamesavecenter.playnite.tests.dll" id="2b1bd52c-eae4-fa9a-03f5-5680e0a5546d">
      <Execution id="43195900-13d7-474a-bb60-7ea4b80e9632" />
      <TestMethod codeBase="REPO\.tmp\g20b\bin\GameSaveCenter.Playnite.Tests\Release\net472\GameSaveCenter.Playnite.Tests.dll" adapterTypeName="executor://xunit/VsTestRunner3/netfx/" className="GameSaveCenter.Playnite.Tests.MediaInboxGeometryTests" name="ProductionInboxKeepsFourRowsOrExposesThePageFallback" />
    </UnitTest>
    <UnitTest name="GameSaveCenter.Playnite.Tests.MediaInboxGeometryTests.NarrowInboxKeepsThePageScrollChannelWhenFooterWraps" storage="REPO\.tmp\g20b\bin\gamesavecenter.playnite.tests\release\net472\gamesavecenter.playnite.tests.dll" id="6fee876a-0e57-e7b4-851c-4a1af830dee0">
      <Execution id="c1923e87-8fcf-41d2-a01b-7ef2efaac0a2" />
      <TestMethod codeBase="REPO\.tmp\g20b\bin\GameSaveCenter.Playnite.Tests\Release\net472\GameSaveCenter.Playnite.Tests.dll" adapterTypeName="executor://xunit/VsTestRunner3/netfx/" className="GameSaveCenter.Playnite.Tests.MediaInboxGeometryTests" name="NarrowInboxKeepsThePageScrollChannelWhenFooterWraps" />
    </UnitTest>
  </TestDefinitions>
  <TestEntries>
    <TestEntry testId="6fee876a-0e57-e7b4-851c-4a1af830dee0" executionId="c1923e87-8fcf-41d2-a01b-7ef2efaac0a2" testListId="8c84fa94-04c1-424b-9868-57a2d4851a1d" />
    <TestEntry testId="0d207de1-b728-45f6-6b86-cbe2604ec1eb" executionId="309cb51f-1d5e-4adb-bae7-718d93839259" testListId="8c84fa94-04c1-424b-9868-57a2d4851a1d" />
    <TestEntry testId="2b1bd52c-eae4-fa9a-03f5-5680e0a5546d" executionId="43195900-13d7-474a-bb60-7ea4b80e9632" testListId="8c84fa94-04c1-424b-9868-57a2d4851a1d" />
  </TestEntries>
  <TestLists>
    <TestList name="列表中未列出的结果" id="8c84fa94-04c1-424b-9868-57a2d4851a1d" />
    <TestList name="所有已加载的结果" id="19431567-8539-422a-85d7-44ee4e166bda" />
  </TestLists>
  <ResultSummary outcome="Completed">
    <Counters total="3" executed="3" passed="3" failed="0" error="0" timeout="0" aborted="0" inconclusive="0" passedButRunAborted="0" notRunnable="0" notExecuted="0" disconnected="0" warning="0" completed="0" inProgress="0" pending="0" />
    <Output>
      <StdOut>[xUnit.net 00:00:00.00] xUnit.net VSTest Adapter v3.1.4+50e68bbb8b (64-bit .NET Framework 4.8.9181.0)&#xD;
[xUnit.net 00:00:00.37]   Discovering: GameSaveCenter.Playnite.Tests&#xD;
[xUnit.net 00:00:02.73]   Discovered:  GameSaveCenter.Playnite.Tests&#xD;
[xUnit.net 00:00:02.78]   Starting:    GameSaveCenter.Playnite.Tests&#xD;
[xUnit.net 00:00:05.77]   Finished:    GameSaveCenter.Playnite.Tests&#xD;
</StdOut>
    </Output>
  </ResultSummary>
</TestRun>