<?xml version="1.0" encoding="utf-8"?>
<TestRun id="22da86dc-a6ef-496c-844c-31513925d5da" name="lopmatu@SULT 2026-09-24 14:33:53" runUser="Sult\lopmatu" xmlns="http://microsoft.com/schemas/VisualStudio/TeamTest/2010">
  <Times creation="2026-09-24T14:33:53.5662236+08:00" queuing="2026-09-24T14:33:53.5662240+08:00" start="2026-09-24T14:33:47.9861521+08:00" finish="2026-09-24T14:34:11.2466855+08:00" />
  <TestSettings name="default" id="c1c73aa7-77de-481c-8796-4f5cbf29e109">
    <Deployment runDeploymentRoot="lopmatu_SULT_2026-09-24_14_33_53" />
  </TestSettings>
  <Results>
    <UnitTestResult executionId="7a0282df-f423-4375-bd0e-cf2f8a11b858" testId="fcf53948-1eaa-0c48-dfdb-dee989bc8f8d" testName="GameSaveCenter.Playnite.Tests.R06SortingBehaviorTests.TaskProgressSortUsesNumericValueAndQueuesWithUnknownProgressLast" computerName="SULT" duration="00:00:00.0140000" startTime="2026-09-24T14:33:52.9565783+08:00" endTime="2026-09-24T14:33:52.9635820+08:00" testType="13cdc9d9-ddb5-4fa4-a97d-d965ccfc6d4b" outcome="Passed" testListId="8c84fa94-04c1-424b-9868-57a2d4851a1d" relativeResultsDirectory="7a0282df-f423-4375-bd0e-cf2f8a11b858" />
    <UnitTestResult executionId="a670eff0-0594-467f-9b48-22b6492ff30e" testId="6de939e0-bed6-7d15-836a-b3da3da62ea1" testName="GameSaveCenter.Playnite.Tests.R06SortingBehaviorTests.ProductionTablesAttachStableProfilesAndKeepSharedArrowContract" computerName="SULT" duration="00:00:00.1170000" startTime="2026-09-24T14:33:52.8478044+08:00" endTime="2026-09-24T14:33:52.9435851+08:00" testType="13cdc9d9-ddb5-4fa4-a97d-d965ccfc6d4b" outcome="Passed" testListId="8c84fa94-04c1-424b-9868-57a2d4851a1d" relativeResultsDirectory="a670eff0-0594-467f-9b48-22b6492ff30e" />
    <UnitTestResult executionId="6fb88ef3-a32b-44fa-b8d2-20482eb7e8cf" testId="dc971189-2589-6e93-8521-3f7da5726265" testName="GameSaveCenter.Playnite.Tests.R06SortingBehaviorTests.TaskStageSortKeepsUnknownStageLast" computerName="SULT" duration="00:00:00.0110000" startTime="2026-09-24T14:33:55.6046988+08:00" endTime="2026-09-24T14:33:55.6073825+08:00" testType="13cdc9d9-ddb5-4fa4-a97d-d965ccfc6d4b" outcome="Passed" testListId="8c84fa94-04c1-424b-9868-57a2d4851a1d" relativeResultsDirectory="6fb88ef3-a32b-44fa-b8d2-20482eb7e8cf" />
    <UnitTestResult executionId="78f6a95e-e91d-4eee-8cb8-2ed69d48bccc" testId="0f7c8d99-cf8d-534f-1c51-5fda0e8ab722" testName="GameSaveCenter.Playnite.Tests.R06SortingBehaviorTests.SaveHistoryUsesRawTimeAndNumericValuesWithStableUnknownLastOrdering" computerName="SULT" duration="00:00:00.8110000" startTime="2026-09-24T14:33:52.0363414+08:00" endTime="2026-09-24T14:33:52.8267986+08:00" testType="13cdc9d9-ddb5-4fa4-a97d-d965ccfc6d4b" outcome="Passed" testListId="8c84fa94-04c1-424b-9868-57a2d4851a1d" relativeResultsDirectory="78f6a95e-e91d-4eee-8cb8-2ed69d48bccc" />
    <UnitTestResult executionId="a699ab75-f826-44a3-a97b-9cf6930ef9fb" testId="d594466d-2070-606e-5089-8bce2646e557" testName="GameSaveCenter.Playnite.Tests.R06SortingBehaviorTests.MediaSourceSortKeepsUnknownSourceLastInBothDirections" computerName="SULT" duration="00:00:00.0060000" startTime="2026-09-24T14:33:52.9465782+08:00" endTime="2026-09-24T14:33:52.9495836+08:00" testType="13cdc9d9-ddb5-4fa4-a97d-d965ccfc6d4b" outcome="Passed" testListId="8c84fa94-04c1-424b-9868-57a2d4851a1d" relativeResultsDirectory="a699ab75-f826-44a3-a97b-9cf6930ef9fb" />
    <UnitTestResult executionId="0e96d2d2-1bc2-4c07-a284-b20afb342ac3" testId="b4b12ef6-6fc7-d6f9-c1b0-56ca61ed1a20" testName="GameSaveCenter.Playnite.Tests.R06SortingBehaviorTests.ClickingAHeaderAfterItsCollectionViewWasDetachedDoesNotRefreshTheDeadView" computerName="SULT" duration="00:00:01.9870000" startTime="2026-09-24T14:33:52.9655816+08:00" endTime="2026-09-24T14:33:54.9514211+08:00" testType="13cdc9d9-ddb5-4fa4-a97d-d965ccfc6d4b" outcome="Passed" testListId="8c84fa94-04c1-424b-9868-57a2d4851a1d" relativeResultsDirectory="0e96d2d2-1bc2-4c07-a284-b20afb342ac3" />
    <UnitTestResult executionId="431f001b-5d20-4ca3-a8e8-47de60089d4a" testId="678073be-0057-46c7-9c8c-5bf262cf5648" testName="GameSaveCenter.Playnite.Tests.R06SortingBehaviorTests.ClickingARealColumnHeaderAppliesTheStableSortInBothDirections" computerName="SULT" duration="00:00:00.6460000" startTime="2026-09-24T14:33:54.9535568+08:00" endTime="2026-09-24T14:33:55.6027014+08:00" testType="13cdc9d9-ddb5-4fa4-a97d-d965ccfc6d4b" outcome="Passed" testListId="8c84fa94-04c1-424b-9868-57a2d4851a1d" relativeResultsDirectory="431f001b-5d20-4ca3-a8e8-47de60089d4a" />
  </Results>
  <TestDefinitions>
    <UnitTest name="GameSaveCenter.Playnite.Tests.R06SortingBehaviorTests.TaskProgressSortUsesNumericValueAndQueuesWithUnknownProgressLast" storage="d:\workplace\github\gamesavecenter\.tmp\sortfix\bin\gamesavecenter.playnite.tests\release\net472\gamesavecenter.playnite.tests.dll" id="fcf53948-1eaa-0c48-dfdb-dee989bc8f8d">
      <Execution id="7a0282df-f423-4375-bd0e-cf2f8a11b858" />
      <TestMethod codeBase="D:\workplace\github\GameSaveCenter\.tmp\sortfix\bin\GameSaveCenter.Playnite.Tests\Release\net472\GameSaveCenter.Playnite.Tests.dll" adapterTypeName="executor://xunit/VsTestRunner3/netfx/" className="GameSaveCenter.Playnite.Tests.R06SortingBehaviorTests" name="TaskProgressSortUsesNumericValueAndQueuesWithUnknownProgressLast" />
    </UnitTest>
    <UnitTest name="GameSaveCenter.Playnite.Tests.R06SortingBehaviorTests.MediaSourceSortKeepsUnknownSourceLastInBothDirections" storage="d:\workplace\github\gamesavecenter\.tmp\sortfix\bin\gamesavecenter.playnite.tests\release\net472\gamesavecenter.playnite.tests.dll" id="d594466d-2070-606e-5089-8bce2646e557">
      <Execution id="a699ab75-f826-44a3-a97b-9cf6930ef9fb" />
      <TestMethod codeBase="D:\workplace\github\GameSaveCenter\.tmp\sortfix\bin\GameSaveCenter.Playnite.Tests\Release\net472\GameSaveCenter.Playnite.Tests.dll" adapterTypeName="executor://xunit/VsTestRunner3/netfx/" className="GameSaveCenter.Playnite.Tests.R06SortingBehaviorTests" name="MediaSourceSortKeepsUnknownSourceLastInBothDirections" />
    </UnitTest>
    <UnitTest name="GameSaveCenter.Playnite.Tests.R06SortingBehaviorTests.TaskStageSortKeepsUnknownStageLast" storage="d:\workplace\github\gamesavecenter\.tmp\sortfix\bin\gamesavecenter.playnite.tests\release\net472\gamesavecenter.playnite.tests.dll" id="dc971189-2589-6e93-8521-3f7da5726265">
      <Execution id="6fb88ef3-a32b-44fa-b8d2-20482eb7e8cf" />
      <TestMethod codeBase="D:\workplace\github\GameSaveCenter\.tmp\sortfix\bin\GameSaveCenter.Playnite.Tests\Release\net472\GameSaveCenter.Playnite.Tests.dll" adapterTypeName="executor://xunit/VsTestRunner3/netfx/" className="GameSaveCenter.Playnite.Tests.R06SortingBehaviorTests" name="TaskStageSortKeepsUnknownStageLast" />
    </UnitTest>
    <UnitTest name="GameSaveCenter.Playnite.Tests.R06SortingBehaviorTests.ProductionTablesAttachStableProfilesAndKeepSharedArrowContract" storage="d:\workplace\github\gamesavecenter\.tmp\sortfix\bin\gamesavecenter.playnite.tests\release\net472\gamesavecenter.playnite.tests.dll" id="6de939e0-bed6-7d15-836a-b3da3da62ea1">
      <Execution id="a670eff0-0594-467f-9b48-22b6492ff30e" />
      <TestMethod codeBase="D:\workplace\github\GameSaveCenter\.tmp\sortfix\bin\GameSaveCenter.Playnite.Tests\Release\net472\GameSaveCenter.Playnite.Tests.dll" adapterTypeName="executor://xunit/VsTestRunner3/netfx/" className="GameSaveCenter.Playnite.Tests.R06SortingBehaviorTests" name="ProductionTablesAttachStableProfilesAndKeepSharedArrowContract" />
    </UnitTest>
    <UnitTest name="GameSaveCenter.Playnite.Tests.R06SortingBehaviorTests.SaveHistoryUsesRawTimeAndNumericValuesWithStableUnknownLastOrdering" storage="d:\workplace\github\gamesavecenter\.tmp\sortfix\bin\gamesavecenter.playnite.tests\release\net472\gamesavecenter.playnite.tests.dll" id="0f7c8d99-cf8d-534f-1c51-5fda0e8ab722">
      <Execution id="78f6a95e-e91d-4eee-8cb8-2ed69d48bccc" />
      <TestMethod codeBase="D:\workplace\github\GameSaveCenter\.tmp\sortfix\bin\GameSaveCenter.Playnite.Tests\Release\net472\GameSaveCenter.Playnite.Tests.dll" adapterTypeName="executor://xunit/VsTestRunner3/netfx/" className="GameSaveCenter.Playnite.Tests.R06SortingBehaviorTests" name="SaveHistoryUsesRawTimeAndNumericValuesWithStableUnknownLastOrdering" />
    </UnitTest>
    <UnitTest name="GameSaveCenter.Playnite.Tests.R06SortingBehaviorTests.ClickingAHeaderAfterItsCollectionViewWasDetachedDoesNotRefreshTheDeadView" storage="d:\workplace\github\gamesavecenter\.tmp\sortfix\bin\gamesavecenter.playnite.tests\release\net472\gamesavecenter.playnite.tests.dll" id="b4b12ef6-6fc7-d6f9-c1b0-56ca61ed1a20">
      <Execution id="0e96d2d2-1bc2-4c07-a284-b20afb342ac3" />
      <TestMethod codeBase="D:\workplace\github\GameSaveCenter\.tmp\sortfix\bin\GameSaveCenter.Playnite.Tests\Release\net472\GameSaveCenter.Playnite.Tests.dll" adapterTypeName="executor://xunit/VsTestRunner3/netfx/" className="GameSaveCenter.Playnite.Tests.R06SortingBehaviorTests" name="ClickingAHeaderAfterItsCollectionViewWasDetachedDoesNotRefreshTheDeadView" />
    </UnitTest>
    <UnitTest name="GameSaveCenter.Playnite.Tests.R06SortingBehaviorTests.ClickingARealColumnHeaderAppliesTheStableSortInBothDirections" storage="d:\workplace\github\gamesavecenter\.tmp\sortfix\bin\gamesavecenter.playnite.tests\release\net472\gamesavecenter.playnite.tests.dll" id="678073be-0057-46c7-9c8c-5bf262cf5648">
      <Execution id="431f001b-5d20-4ca3-a8e8-47de60089d4a" />
      <TestMethod codeBase="D:\workplace\github\GameSaveCenter\.tmp\sortfix\bin\GameSaveCenter.Playnite.Tests\Release\net472\GameSaveCenter.Playnite.Tests.dll" adapterTypeName="executor://xunit/VsTestRunner3/netfx/" className="GameSaveCenter.Playnite.Tests.R06SortingBehaviorTests" name="ClickingARealColumnHeaderAppliesTheStableSortInBothDirections" />
    </UnitTest>
  </TestDefinitions>
  <TestEntries>
    <TestEntry testId="fcf53948-1eaa-0c48-dfdb-dee989bc8f8d" executionId="7a0282df-f423-4375-bd0e-cf2f8a11b858" testListId="8c84fa94-04c1-424b-9868-57a2d4851a1d" />
    <TestEntry testId="6de939e0-bed6-7d15-836a-b3da3da62ea1" executionId="a670eff0-0594-467f-9b48-22b6492ff30e" testListId="8c84fa94-04c1-424b-9868-57a2d4851a1d" />
    <TestEntry testId="dc971189-2589-6e93-8521-3f7da5726265" executionId="6fb88ef3-a32b-44fa-b8d2-20482eb7e8cf" testListId="8c84fa94-04c1-424b-9868-57a2d4851a1d" />
    <TestEntry testId="0f7c8d99-cf8d-534f-1c51-5fda0e8ab722" executionId="78f6a95e-e91d-4eee-8cb8-2ed69d48bccc" testListId="8c84fa94-04c1-424b-9868-57a2d4851a1d" />
    <TestEntry testId="d594466d-2070-606e-5089-8bce2646e557" executionId="a699ab75-f826-44a3-a97b-9cf6930ef9fb" testListId="8c84fa94-04c1-424b-9868-57a2d4851a1d" />
    <TestEntry testId="b4b12ef6-6fc7-d6f9-c1b0-56ca61ed1a20" executionId="0e96d2d2-1bc2-4c07-a284-b20afb342ac3" testListId="8c84fa94-04c1-424b-9868-57a2d4851a1d" />
    <TestEntry testId="678073be-0057-46c7-9c8c-5bf262cf5648" executionId="431f001b-5d20-4ca3-a8e8-47de60089d4a" testListId="8c84fa94-04c1-424b-9868-57a2d4851a1d" />
  </TestEntries>
  <TestLists>
    <TestList name="列表中未列出的结果" id="8c84fa94-04c1-424b-9868-57a2d4851a1d" />
    <TestList name="所有已加载的结果" id="19431567-8539-422a-85d7-44ee4e166bda" />
  </TestLists>
  <ResultSummary outcome="Completed">
    <Counters total="7" executed="7" passed="7" failed="0" error="0" timeout="0" aborted="0" inconclusive="0" passedButRunAborted="0" notRunnable="0" notExecuted="0" disconnected="0" warning="0" completed="0" inProgress="0" pending="0" />
    <Output>
      <StdOut>[xUnit.net 00:00:00.00] xUnit.net VSTest Adapter v3.1.4+50e68bbb8b (64-bit .NET Framework 4.8.9181.0)&#xD;
[xUnit.net 00:00:00.44]   Discovering: GameSaveCenter.Playnite.Tests&#xD;
[xUnit.net 00:00:02.81]   Discovered:  GameSaveCenter.Playnite.Tests&#xD;
[xUnit.net 00:00:02.87]   Starting:    GameSaveCenter.Playnite.Tests&#xD;
[xUnit.net 00:00:06.52]   Finished:    GameSaveCenter.Playnite.Tests&#xD;
</StdOut>
    </Output>
  </ResultSummary>
</TestRun>