<?xml version="1.0" encoding="utf-8"?>
<TestRun id="89cc8f6d-b7b0-4fc2-b9b3-8cfdb2e7083a" name="R06SortingBehaviorTests 2026-09-28" runUser="redacted" xmlns="http://microsoft.com/schemas/VisualStudio/TeamTest/2010">
  <Times creation="2026-09-28T11:23:35.5861364+08:00" queuing="2026-09-28T11:23:35.5861368+08:00" start="2026-09-28T11:23:30.1792079+08:00" finish="2026-09-28T11:23:52.7846198+08:00" />
  <TestSettings name="default" id="704809ef-0ef2-4461-bb7e-ec239661c868">
    <Deployment runDeploymentRoot="R06SortingBehaviorTests-2026-09-28" />
  </TestSettings>
  <Results>
    <UnitTestResult executionId="f7e3f1b5-bfbf-4565-bc25-0b5856fb9489" testId="678073be-0057-46c7-9c8c-5bf262cf5648" testName="GameSaveCenter.Playnite.Tests.R06SortingBehaviorTests.ClickingARealColumnHeaderAppliesTheStableSortInBothDirections" computerName="redacted" duration="00:00:00.3790000" startTime="2026-09-28T11:23:36.7662114+08:00" endTime="2026-09-28T11:23:37.1430517+08:00" testType="13cdc9d9-ddb5-4fa4-a97d-d965ccfc6d4b" outcome="Passed" testListId="8c84fa94-04c1-424b-9868-57a2d4851a1d" relativeResultsDirectory="f7e3f1b5-bfbf-4565-bc25-0b5856fb9489" />
    <UnitTestResult executionId="3cd76168-bbd8-40e7-9689-e89d4db35466" testId="fcf53948-1eaa-0c48-dfdb-dee989bc8f8d" testName="GameSaveCenter.Playnite.Tests.R06SortingBehaviorTests.TaskProgressSortUsesNumericValueAndQueuesWithUnknownProgressLast" computerName="redacted" duration="00:00:00.0060000" startTime="2026-09-28T11:23:34.8801552+08:00" endTime="2026-09-28T11:23:34.8841558+08:00" testType="13cdc9d9-ddb5-4fa4-a97d-d965ccfc6d4b" outcome="Passed" testListId="8c84fa94-04c1-424b-9868-57a2d4851a1d" relativeResultsDirectory="3cd76168-bbd8-40e7-9689-e89d4db35466" />
    <UnitTestResult executionId="bd340106-d0c6-40e1-885e-5a3537bb68bf" testId="dc971189-2589-6e93-8521-3f7da5726265" testName="GameSaveCenter.Playnite.Tests.R06SortingBehaviorTests.TaskStageSortKeepsUnknownStageLast" computerName="redacted" duration="00:00:00.0050000" startTime="2026-09-28T11:23:37.1460494+08:00" endTime="2026-09-28T11:23:37.1480498+08:00" testType="13cdc9d9-ddb5-4fa4-a97d-d965ccfc6d4b" outcome="Passed" testListId="8c84fa94-04c1-424b-9868-57a2d4851a1d" relativeResultsDirectory="bd340106-d0c6-40e1-885e-5a3537bb68bf" />
    <UnitTestResult executionId="4f951d0e-700e-4c11-abe3-4e22e8043389" testId="b4b12ef6-6fc7-d6f9-c1b0-56ca61ed1a20" testName="GameSaveCenter.Playnite.Tests.R06SortingBehaviorTests.ClickingAHeaderAfterItsCollectionViewWasDetachedDoesNotRefreshTheDeadView" computerName="redacted" duration="00:00:01.8800000" startTime="2026-09-28T11:23:34.8861576+08:00" endTime="2026-09-28T11:23:36.7642114+08:00" testType="13cdc9d9-ddb5-4fa4-a97d-d965ccfc6d4b" outcome="Passed" testListId="8c84fa94-04c1-424b-9868-57a2d4851a1d" relativeResultsDirectory="4f951d0e-700e-4c11-abe3-4e22e8043389" />
    <UnitTestResult executionId="d97ada20-aa1a-4f52-8b32-11c4664694f1" testId="0f7c8d99-cf8d-534f-1c51-5fda0e8ab722" testName="GameSaveCenter.Playnite.Tests.R06SortingBehaviorTests.SaveHistoryUsesRawTimeAndNumericValuesWithStableUnknownLastOrdering" computerName="redacted" duration="00:00:00.7330000" startTime="2026-09-28T11:23:34.0555759+08:00" endTime="2026-09-28T11:23:34.7702956+08:00" testType="13cdc9d9-ddb5-4fa4-a97d-d965ccfc6d4b" outcome="Passed" testListId="8c84fa94-04c1-424b-9868-57a2d4851a1d" relativeResultsDirectory="d97ada20-aa1a-4f52-8b32-11c4664694f1" />
    <UnitTestResult executionId="b738b938-352f-4134-8bef-3f32efd1bdf2" testId="6de939e0-bed6-7d15-836a-b3da3da62ea1" testName="GameSaveCenter.Playnite.Tests.R06SortingBehaviorTests.ProductionTablesAttachStableProfilesAndKeepSharedArrowContract" computerName="redacted" duration="00:00:00.1020000" startTime="2026-09-28T11:23:34.7882963+08:00" endTime="2026-09-28T11:23:34.8721544+08:00" testType="13cdc9d9-ddb5-4fa4-a97d-d965ccfc6d4b" outcome="Passed" testListId="8c84fa94-04c1-424b-9868-57a2d4851a1d" relativeResultsDirectory="b738b938-352f-4134-8bef-3f32efd1bdf2" />
    <UnitTestResult executionId="c810ec7d-93ef-4ae8-8307-091acd2a4495" testId="d594466d-2070-606e-5089-8bce2646e557" testName="GameSaveCenter.Playnite.Tests.R06SortingBehaviorTests.MediaSourceSortKeepsUnknownSourceLastInBothDirections" computerName="redacted" duration="00:00:00.0060000" startTime="2026-09-28T11:23:34.8741556+08:00" endTime="2026-09-28T11:23:34.8781557+08:00" testType="13cdc9d9-ddb5-4fa4-a97d-d965ccfc6d4b" outcome="Passed" testListId="8c84fa94-04c1-424b-9868-57a2d4851a1d" relativeResultsDirectory="c810ec7d-93ef-4ae8-8307-091acd2a4495" />
  </Results>
  <TestDefinitions>
    <UnitTest name="GameSaveCenter.Playnite.Tests.R06SortingBehaviorTests.TaskProgressSortUsesNumericValueAndQueuesWithUnknownProgressLast" storage="d:\workplace\github\gamesavecenter\.tmp\r06sort-clean-3d83d38f\solution\bin\gamesavecenter.playnite.tests\release\net472\gamesavecenter.playnite.tests.dll" id="fcf53948-1eaa-0c48-dfdb-dee989bc8f8d">
      <Execution id="3cd76168-bbd8-40e7-9689-e89d4db35466" />
      <TestMethod codeBase="GameSaveCenter.Playnite.Tests.dll" adapterTypeName="executor://xunit/VsTestRunner3/netfx/" className="GameSaveCenter.Playnite.Tests.R06SortingBehaviorTests" name="TaskProgressSortUsesNumericValueAndQueuesWithUnknownProgressLast" />
    </UnitTest>
    <UnitTest name="GameSaveCenter.Playnite.Tests.R06SortingBehaviorTests.MediaSourceSortKeepsUnknownSourceLastInBothDirections" storage="d:\workplace\github\gamesavecenter\.tmp\r06sort-clean-3d83d38f\solution\bin\gamesavecenter.playnite.tests\release\net472\gamesavecenter.playnite.tests.dll" id="d594466d-2070-606e-5089-8bce2646e557">
      <Execution id="c810ec7d-93ef-4ae8-8307-091acd2a4495" />
      <TestMethod codeBase="GameSaveCenter.Playnite.Tests.dll" adapterTypeName="executor://xunit/VsTestRunner3/netfx/" className="GameSaveCenter.Playnite.Tests.R06SortingBehaviorTests" name="MediaSourceSortKeepsUnknownSourceLastInBothDirections" />
    </UnitTest>
    <UnitTest name="GameSaveCenter.Playnite.Tests.R06SortingBehaviorTests.TaskStageSortKeepsUnknownStageLast" storage="d:\workplace\github\gamesavecenter\.tmp\r06sort-clean-3d83d38f\solution\bin\gamesavecenter.playnite.tests\release\net472\gamesavecenter.playnite.tests.dll" id="dc971189-2589-6e93-8521-3f7da5726265">
      <Execution id="bd340106-d0c6-40e1-885e-5a3537bb68bf" />
      <TestMethod codeBase="GameSaveCenter.Playnite.Tests.dll" adapterTypeName="executor://xunit/VsTestRunner3/netfx/" className="GameSaveCenter.Playnite.Tests.R06SortingBehaviorTests" name="TaskStageSortKeepsUnknownStageLast" />
    </UnitTest>
    <UnitTest name="GameSaveCenter.Playnite.Tests.R06SortingBehaviorTests.ProductionTablesAttachStableProfilesAndKeepSharedArrowContract" storage="d:\workplace\github\gamesavecenter\.tmp\r06sort-clean-3d83d38f\solution\bin\gamesavecenter.playnite.tests\release\net472\gamesavecenter.playnite.tests.dll" id="6de939e0-bed6-7d15-836a-b3da3da62ea1">
      <Execution id="b738b938-352f-4134-8bef-3f32efd1bdf2" />
      <TestMethod codeBase="GameSaveCenter.Playnite.Tests.dll" adapterTypeName="executor://xunit/VsTestRunner3/netfx/" className="GameSaveCenter.Playnite.Tests.R06SortingBehaviorTests" name="ProductionTablesAttachStableProfilesAndKeepSharedArrowContract" />
    </UnitTest>
    <UnitTest name="GameSaveCenter.Playnite.Tests.R06SortingBehaviorTests.SaveHistoryUsesRawTimeAndNumericValuesWithStableUnknownLastOrdering" storage="d:\workplace\github\gamesavecenter\.tmp\r06sort-clean-3d83d38f\solution\bin\gamesavecenter.playnite.tests\release\net472\gamesavecenter.playnite.tests.dll" id="0f7c8d99-cf8d-534f-1c51-5fda0e8ab722">
      <Execution id="d97ada20-aa1a-4f52-8b32-11c4664694f1" />
      <TestMethod codeBase="GameSaveCenter.Playnite.Tests.dll" adapterTypeName="executor://xunit/VsTestRunner3/netfx/" className="GameSaveCenter.Playnite.Tests.R06SortingBehaviorTests" name="SaveHistoryUsesRawTimeAndNumericValuesWithStableUnknownLastOrdering" />
    </UnitTest>
    <UnitTest name="GameSaveCenter.Playnite.Tests.R06SortingBehaviorTests.ClickingAHeaderAfterItsCollectionViewWasDetachedDoesNotRefreshTheDeadView" storage="d:\workplace\github\gamesavecenter\.tmp\r06sort-clean-3d83d38f\solution\bin\gamesavecenter.playnite.tests\release\net472\gamesavecenter.playnite.tests.dll" id="b4b12ef6-6fc7-d6f9-c1b0-56ca61ed1a20">
      <Execution id="4f951d0e-700e-4c11-abe3-4e22e8043389" />
      <TestMethod codeBase="GameSaveCenter.Playnite.Tests.dll" adapterTypeName="executor://xunit/VsTestRunner3/netfx/" className="GameSaveCenter.Playnite.Tests.R06SortingBehaviorTests" name="ClickingAHeaderAfterItsCollectionViewWasDetachedDoesNotRefreshTheDeadView" />
    </UnitTest>
    <UnitTest name="GameSaveCenter.Playnite.Tests.R06SortingBehaviorTests.ClickingARealColumnHeaderAppliesTheStableSortInBothDirections" storage="d:\workplace\github\gamesavecenter\.tmp\r06sort-clean-3d83d38f\solution\bin\gamesavecenter.playnite.tests\release\net472\gamesavecenter.playnite.tests.dll" id="678073be-0057-46c7-9c8c-5bf262cf5648">
      <Execution id="f7e3f1b5-bfbf-4565-bc25-0b5856fb9489" />
      <TestMethod codeBase="GameSaveCenter.Playnite.Tests.dll" adapterTypeName="executor://xunit/VsTestRunner3/netfx/" className="GameSaveCenter.Playnite.Tests.R06SortingBehaviorTests" name="ClickingARealColumnHeaderAppliesTheStableSortInBothDirections" />
    </UnitTest>
  </TestDefinitions>
  <TestEntries>
    <TestEntry testId="678073be-0057-46c7-9c8c-5bf262cf5648" executionId="f7e3f1b5-bfbf-4565-bc25-0b5856fb9489" testListId="8c84fa94-04c1-424b-9868-57a2d4851a1d" />
    <TestEntry testId="fcf53948-1eaa-0c48-dfdb-dee989bc8f8d" executionId="3cd76168-bbd8-40e7-9689-e89d4db35466" testListId="8c84fa94-04c1-424b-9868-57a2d4851a1d" />
    <TestEntry testId="dc971189-2589-6e93-8521-3f7da5726265" executionId="bd340106-d0c6-40e1-885e-5a3537bb68bf" testListId="8c84fa94-04c1-424b-9868-57a2d4851a1d" />
    <TestEntry testId="b4b12ef6-6fc7-d6f9-c1b0-56ca61ed1a20" executionId="4f951d0e-700e-4c11-abe3-4e22e8043389" testListId="8c84fa94-04c1-424b-9868-57a2d4851a1d" />
    <TestEntry testId="0f7c8d99-cf8d-534f-1c51-5fda0e8ab722" executionId="d97ada20-aa1a-4f52-8b32-11c4664694f1" testListId="8c84fa94-04c1-424b-9868-57a2d4851a1d" />
    <TestEntry testId="6de939e0-bed6-7d15-836a-b3da3da62ea1" executionId="b738b938-352f-4134-8bef-3f32efd1bdf2" testListId="8c84fa94-04c1-424b-9868-57a2d4851a1d" />
    <TestEntry testId="d594466d-2070-606e-5089-8bce2646e557" executionId="c810ec7d-93ef-4ae8-8307-091acd2a4495" testListId="8c84fa94-04c1-424b-9868-57a2d4851a1d" />
  </TestEntries>
  <TestLists>
    <TestList name="列表中未列出的结果" id="8c84fa94-04c1-424b-9868-57a2d4851a1d" />
    <TestList name="所有已加载的结果" id="19431567-8539-422a-85d7-44ee4e166bda" />
  </TestLists>
  <ResultSummary outcome="Completed">
    <Counters total="7" executed="7" passed="7" failed="0" error="0" timeout="0" aborted="0" inconclusive="0" passedButRunAborted="0" notRunnable="0" notExecuted="0" disconnected="0" warning="0" completed="0" inProgress="0" pending="0" />
    <Output>
      <StdOut>[xUnit.net 00:00:00.00] xUnit.net VSTest Adapter v3.1.4+50e68bbb8b (64-bit .NET Framework 4.8.9181.0)&#xD;
[xUnit.net 00:00:00.43]   Discovering: GameSaveCenter.Playnite.Tests&#xD;
[xUnit.net 00:00:02.76]   Discovered:  GameSaveCenter.Playnite.Tests&#xD;
[xUnit.net 00:00:02.82]   Starting:    GameSaveCenter.Playnite.Tests&#xD;
[xUnit.net 00:00:05.99]   Finished:    GameSaveCenter.Playnite.Tests&#xD;
</StdOut>
    </Output>
  </ResultSummary>
</TestRun>