<?xml version="1.0" encoding="utf-8"?>
<TestRun id="8f7a6bee-8633-4105-a731-018cec42ea58" name="lopmatu@SULT 2026-09-24 01:41:34" runUser="Sult\lopmatu" xmlns="http://microsoft.com/schemas/VisualStudio/TeamTest/2010">
  <Times creation="2026-09-24T01:41:34.9254487+08:00" queuing="2026-09-24T01:41:34.9254490+08:00" start="2026-09-24T01:41:28.6513724+08:00" finish="2026-09-24T01:41:51.5121678+08:00" />
  <TestSettings name="default" id="95a416c2-eead-4816-9ef4-2d4a016df3ec">
    <Deployment runDeploymentRoot="lopmatu_SULT_2026-09-24_01_41_34" />
  </TestSettings>
  <Results>
    <UnitTestResult executionId="5e922a88-be89-42e9-9bf4-9b728286b3c4" testId="5503dab7-7310-54a2-b919-b967619a3e50" testName="GameSaveCenter.Playnite.Tests.R02BusyStateTests.SharedProductionButtonKeepsWidthContentAndFocusAcrossBusyCycle" computerName="SULT" duration="00:00:02.4060000" startTime="2026-09-24T01:41:32.4934923+08:00" endTime="2026-09-24T01:41:34.8865961+08:00" testType="13cdc9d9-ddb5-4fa4-a97d-d965ccfc6d4b" outcome="Passed" testListId="8c84fa94-04c1-424b-9868-57a2d4851a1d" relativeResultsDirectory="5e922a88-be89-42e9-9bf4-9b728286b3c4" />
    <UnitTestResult executionId="b07d5cdf-e714-4e7b-ab02-530f47dbed5e" testId="89f812c0-84b2-e61c-e182-250ad1547f8c" testName="GameSaveCenter.Playnite.Tests.R02BusyStateTests.CurrentProductionShellActionsUseTheSharedBusyPrimitive" computerName="SULT" duration="00:00:00.1070000" startTime="2026-09-24T01:41:34.9095961+08:00" endTime="2026-09-24T01:41:34.9919300+08:00" testType="13cdc9d9-ddb5-4fa4-a97d-d965ccfc6d4b" outcome="Passed" testListId="8c84fa94-04c1-424b-9868-57a2d4851a1d" relativeResultsDirectory="b07d5cdf-e714-4e7b-ab02-530f47dbed5e" />
    <UnitTestResult executionId="344f178e-833f-48bb-9c70-f5236716fc9f" testId="b8e2b027-7a58-5c9e-f3af-ecd28ece0eee" testName="GameSaveCenter.Playnite.Tests.R02BusyStateTests.BusyCoordinatorRejectsDuplicateAndRestoresAfterFailureAndCancellation" computerName="SULT" duration="00:00:00.0190000" startTime="2026-09-24T01:41:34.9939301+08:00" endTime="2026-09-24T01:41:35.0108800+08:00" testType="13cdc9d9-ddb5-4fa4-a97d-d965ccfc6d4b" outcome="Passed" testListId="8c84fa94-04c1-424b-9868-57a2d4851a1d" relativeResultsDirectory="344f178e-833f-48bb-9c70-f5236716fc9f" />
    <UnitTestResult executionId="efbf7104-a383-4fdc-a630-6c7a644a30a5" testId="e0831c86-731d-f85d-4a87-bc1130e830a0" testName="GameSaveCenter.Playnite.Tests.R02BusyStateTests.SharedProductionButtonSuppressesIndicatorForFastCompletion" computerName="SULT" duration="00:00:00.2190000" startTime="2026-09-24T01:41:35.0128944+08:00" endTime="2026-09-24T01:41:35.2293700+08:00" testType="13cdc9d9-ddb5-4fa4-a97d-d965ccfc6d4b" outcome="Passed" testListId="8c84fa94-04c1-424b-9868-57a2d4851a1d" relativeResultsDirectory="efbf7104-a383-4fdc-a630-6c7a644a30a5" />
  </Results>
  <TestDefinitions>
    <UnitTest name="GameSaveCenter.Playnite.Tests.R02BusyStateTests.BusyCoordinatorRejectsDuplicateAndRestoresAfterFailureAndCancellation" storage="d:\workplace\github\gamesavecenter\.tmp\build-main-09ec3132\bin\gamesavecenter.playnite.tests\release\net472\gamesavecenter.playnite.tests.dll" id="b8e2b027-7a58-5c9e-f3af-ecd28ece0eee">
      <Execution id="344f178e-833f-48bb-9c70-f5236716fc9f" />
      <TestMethod codeBase="D:\workplace\github\GameSaveCenter\.tmp\build-main-09ec3132\bin\GameSaveCenter.Playnite.Tests\Release\net472\GameSaveCenter.Playnite.Tests.dll" adapterTypeName="executor://xunit/VsTestRunner3/netfx/" className="GameSaveCenter.Playnite.Tests.R02BusyStateTests" name="BusyCoordinatorRejectsDuplicateAndRestoresAfterFailureAndCancellation" />
    </UnitTest>
    <UnitTest name="GameSaveCenter.Playnite.Tests.R02BusyStateTests.SharedProductionButtonSuppressesIndicatorForFastCompletion" storage="d:\workplace\github\gamesavecenter\.tmp\build-main-09ec3132\bin\gamesavecenter.playnite.tests\release\net472\gamesavecenter.playnite.tests.dll" id="e0831c86-731d-f85d-4a87-bc1130e830a0">
      <Execution id="efbf7104-a383-4fdc-a630-6c7a644a30a5" />
      <TestMethod codeBase="D:\workplace\github\GameSaveCenter\.tmp\build-main-09ec3132\bin\GameSaveCenter.Playnite.Tests\Release\net472\GameSaveCenter.Playnite.Tests.dll" adapterTypeName="executor://xunit/VsTestRunner3/netfx/" className="GameSaveCenter.Playnite.Tests.R02BusyStateTests" name="SharedProductionButtonSuppressesIndicatorForFastCompletion" />
    </UnitTest>
    <UnitTest name="GameSaveCenter.Playnite.Tests.R02BusyStateTests.CurrentProductionShellActionsUseTheSharedBusyPrimitive" storage="d:\workplace\github\gamesavecenter\.tmp\build-main-09ec3132\bin\gamesavecenter.playnite.tests\release\net472\gamesavecenter.playnite.tests.dll" id="89f812c0-84b2-e61c-e182-250ad1547f8c">
      <Execution id="b07d5cdf-e714-4e7b-ab02-530f47dbed5e" />
      <TestMethod codeBase="D:\workplace\github\GameSaveCenter\.tmp\build-main-09ec3132\bin\GameSaveCenter.Playnite.Tests\Release\net472\GameSaveCenter.Playnite.Tests.dll" adapterTypeName="executor://xunit/VsTestRunner3/netfx/" className="GameSaveCenter.Playnite.Tests.R02BusyStateTests" name="CurrentProductionShellActionsUseTheSharedBusyPrimitive" />
    </UnitTest>
    <UnitTest name="GameSaveCenter.Playnite.Tests.R02BusyStateTests.SharedProductionButtonKeepsWidthContentAndFocusAcrossBusyCycle" storage="d:\workplace\github\gamesavecenter\.tmp\build-main-09ec3132\bin\gamesavecenter.playnite.tests\release\net472\gamesavecenter.playnite.tests.dll" id="5503dab7-7310-54a2-b919-b967619a3e50">
      <Execution id="5e922a88-be89-42e9-9bf4-9b728286b3c4" />
      <TestMethod codeBase="D:\workplace\github\GameSaveCenter\.tmp\build-main-09ec3132\bin\GameSaveCenter.Playnite.Tests\Release\net472\GameSaveCenter.Playnite.Tests.dll" adapterTypeName="executor://xunit/VsTestRunner3/netfx/" className="GameSaveCenter.Playnite.Tests.R02BusyStateTests" name="SharedProductionButtonKeepsWidthContentAndFocusAcrossBusyCycle" />
    </UnitTest>
  </TestDefinitions>
  <TestEntries>
    <TestEntry testId="5503dab7-7310-54a2-b919-b967619a3e50" executionId="5e922a88-be89-42e9-9bf4-9b728286b3c4" testListId="8c84fa94-04c1-424b-9868-57a2d4851a1d" />
    <TestEntry testId="89f812c0-84b2-e61c-e182-250ad1547f8c" executionId="b07d5cdf-e714-4e7b-ab02-530f47dbed5e" testListId="8c84fa94-04c1-424b-9868-57a2d4851a1d" />
    <TestEntry testId="b8e2b027-7a58-5c9e-f3af-ecd28ece0eee" executionId="344f178e-833f-48bb-9c70-f5236716fc9f" testListId="8c84fa94-04c1-424b-9868-57a2d4851a1d" />
    <TestEntry testId="e0831c86-731d-f85d-4a87-bc1130e830a0" executionId="efbf7104-a383-4fdc-a630-6c7a644a30a5" testListId="8c84fa94-04c1-424b-9868-57a2d4851a1d" />
  </TestEntries>
  <TestLists>
    <TestList name="列表中未列出的结果" id="8c84fa94-04c1-424b-9868-57a2d4851a1d" />
    <TestList name="所有已加载的结果" id="19431567-8539-422a-85d7-44ee4e166bda" />
  </TestLists>
  <ResultSummary outcome="Completed">
    <Counters total="4" executed="4" passed="4" failed="0" error="0" timeout="0" aborted="0" inconclusive="0" passedButRunAborted="0" notRunnable="0" notExecuted="0" disconnected="0" warning="0" completed="0" inProgress="0" pending="0" />
    <Output>
      <StdOut>[xUnit.net 00:00:00.00] xUnit.net VSTest Adapter v3.1.4+50e68bbb8b (64-bit .NET Framework 4.8.9181.0)&#xD;
[xUnit.net 00:00:00.37]   Discovering: GameSaveCenter.Playnite.Tests&#xD;
[xUnit.net 00:00:02.73]   Discovered:  GameSaveCenter.Playnite.Tests&#xD;
[xUnit.net 00:00:02.78]   Starting:    GameSaveCenter.Playnite.Tests&#xD;
[xUnit.net 00:00:05.58]   Finished:    GameSaveCenter.Playnite.Tests&#xD;
</StdOut>
    </Output>
  </ResultSummary>
</TestRun>