<?xml version="1.0" encoding="utf-8"?>
<TestRun id="bf702432-f658-4471-ac84-9bbb7c33fa56" name="lopmatu@SULT 2026-09-24 13:16:37" runUser="Sult\lopmatu" xmlns="http://microsoft.com/schemas/VisualStudio/TeamTest/2010">
  <Times creation="2026-09-24T13:16:37.9991278+08:00" queuing="2026-09-24T13:16:37.9991284+08:00" start="2026-09-24T13:16:29.2794747+08:00" finish="2026-09-24T13:17:01.3903073+08:00" />
  <TestSettings name="default" id="fb2458d8-819c-452a-ae44-05cbd0d08591">
    <Deployment runDeploymentRoot="lopmatu_SULT_2026-09-24_13_16_37" />
  </TestSettings>
  <Results>
    <UnitTestResult executionId="ccfe3dbd-e2fb-470f-a97a-61f19fe20d37" testId="f14d8609-0abd-c6e4-e4de-0cbe507aab27" testName="GameSaveCenter.Playnite.Tests.ReportedWorkspaceLayoutBehaviorTests.WindowedSaveHistoryDoesNotExpandTheSummaryCardAroundItsActions(theme: Light)" computerName="SULT" duration="00:00:00.9480000" startTime="2026-09-24T13:16:39.8088796+08:00" endTime="2026-09-24T13:16:40.7548434+08:00" testType="13cdc9d9-ddb5-4fa4-a97d-d965ccfc6d4b" outcome="Passed" testListId="8c84fa94-04c1-424b-9868-57a2d4851a1d" relativeResultsDirectory="ccfe3dbd-e2fb-470f-a97a-61f19fe20d37">
      <Output>
        <StdOut>Light Save history: summary=1010×442, content=987.33×377.33, actions=987.33×36@row1, selected=True, inspector=Visible/360×836; wideRow=0, windowedAgainRow=1, action/content gap=10 DIP, trailing whitespace=9.33 DIP</StdOut>
      </Output>
    </UnitTestResult>
    <UnitTestResult executionId="5462951c-620d-4b98-a7aa-4b55e27ebde0" testId="3e867d51-35ab-df84-be15-7cde1b106a2b" testName="GameSaveCenter.Playnite.Tests.ReportedWorkspaceLayoutBehaviorTests.SettingsHeaderAndPathActionsStayAnchoredToTheirLabelsAndEachOther(theme: Light)" computerName="SULT" duration="00:00:01.9710000" startTime="2026-09-24T13:16:42.8763958+08:00" endTime="2026-09-24T13:16:44.8457115+08:00" testType="13cdc9d9-ddb5-4fa4-a97d-d965ccfc6d4b" outcome="Passed" testListId="8c84fa94-04c1-424b-9868-57a2d4851a1d" relativeResultsDirectory="5462951c-620d-4b98-a7aa-4b55e27ebde0">
      <Output>
        <StdOut>Light Settings: icon/title topΔ=11.33 DIP, horizontal gap=12 DIP, search/title leftΔ=0 DIP, centered-negative Δ=287.33 DIP, wide shell/search=1360/0 DIP, windowed 1254×800 icon/title topΔ=11.33 DIP, search/title leftΔ=0 DIP, search/icon top gap=72.67 DIP, reset center/height spread=0/0 DIP, search size=520×36 DIP, reset/title leftΔ=0 DIP, reset/search gap=14 DIP, reset controls center/height spread=0/0 DIP (Button=90.67×36 DIP @ 71.33, Button=102.67×36 DIP @ 71.33, ComboBox=260×36 DIP @ 71.33), compact search width/overflow/leftΔ=392/0/0 DIP, save-hint row=1-&gt;0, hint/title topΔ=19.33 DIP, path control center spread=0 DIP, height spread=0 DIP (Button/浏览: 36, Button/校验: 36, Button/打开: 36, Button/复制: 36, ComboBox/combo: 36)</StdOut>
      </Output>
    </UnitTestResult>
    <UnitTestResult executionId="bfca83f5-9c1f-4fec-893b-7c6aafed9686" testId="173f2a21-7e05-9824-5b3c-9c9b97a322d4" testName="GameSaveCenter.Playnite.Tests.ReportedWorkspaceLayoutBehaviorTests.CompactInboxKeepsBatchButtonsCompactAndTheGridInsideItsFrameRow(theme: Dark)" computerName="SULT" duration="00:00:04.0430000" startTime="2026-09-24T13:16:33.9378210+08:00" endTime="2026-09-24T13:16:37.9464789+08:00" testType="13cdc9d9-ddb5-4fa4-a97d-d965ccfc6d4b" outcome="Passed" testListId="8c84fa94-04c1-424b-9868-57a2d4851a1d" relativeResultsDirectory="bfca83f5-9c1f-4fec-893b-7c6aafed9686">
      <Output>
        <StdOut>Dark Media Inbox: clear/reset/assign=36/36/36 DIP, mode=36 DIP, centersΔ=0.33/0.33/0.33 DIP, max button=36 DIP, spread=0 DIP, target=71.33 DIP, max centerΔ=0.33 DIP, clear visible=True, grid=360 DIP, grid/footer overlap=0 DIP, internal scrollbar contained=True (bar=140.67..458.67, grid=98.67..458.67, footerTop=468.67, internalOffset=74/74), offset=107.33, extent=672.67, viewport=565.33, footer=373.33..552; loaded=True, visible=True, enabled=True, mode=Auto/Visible, contentScroll=False, bar=74/74, afterScroll=107.33/107.33, barAfter=74</StdOut>
      </Output>
    </UnitTestResult>
    <UnitTestResult executionId="cc8253aa-3ed6-4a37-9efc-0ef062693c6d" testId="92dca8d8-017c-0ca1-5bd7-bf82b0104435" testName="GameSaveCenter.Playnite.Tests.ReportedWorkspaceLayoutBehaviorTests.FailedTaskStatusStaysInItsCellAcrossRecyclingWithoutAFullRowFrame(theme: Light)" computerName="SULT" duration="00:00:00.4460000" startTime="2026-09-24T13:16:45.3229348+08:00" endTime="2026-09-24T13:16:45.7675026+08:00" testType="13cdc9d9-ddb5-4fa4-a97d-d965ccfc6d4b" outcome="Passed" testListId="8c84fa94-04c1-424b-9868-57a2d4851a1d" relativeResultsDirectory="cc8253aa-3ed6-4a37-9efc-0ef062693c6d">
      <Output>
        <StdOut>Light Task grid: initial/recycled rows=13/14, far row reached=True, failed rows checked=7, error-presentation mismatches=0, row chrome position error=0 DIP, row-height spread=0 DIP, theme=Light, grid=1693.33×644.67, visible=True, loaded=True, visibility=Visible, items=2400, virtualized=True</StdOut>
      </Output>
    </UnitTestResult>
    <UnitTestResult executionId="02ff664c-1284-415e-b62d-7e5d043b16f0" testId="518e3f14-882c-6541-6ec8-46c20a796276" testName="GameSaveCenter.Playnite.Tests.ReportedWorkspaceLayoutBehaviorTests.WindowedSaveHistoryDoesNotExpandTheSummaryCardAroundItsActions(theme: Dark)" computerName="SULT" duration="00:00:01.1380000" startTime="2026-09-24T13:16:38.6730128+08:00" endTime="2026-09-24T13:16:39.8068797+08:00" testType="13cdc9d9-ddb5-4fa4-a97d-d965ccfc6d4b" outcome="Passed" testListId="8c84fa94-04c1-424b-9868-57a2d4851a1d" relativeResultsDirectory="02ff664c-1284-415e-b62d-7e5d043b16f0">
      <Output>
        <StdOut>Dark Save history: summary=1010×442, content=987.33×377.33, actions=987.33×36@row1, selected=True, inspector=Visible/360×836; wideRow=0, windowedAgainRow=1, action/content gap=10 DIP, trailing whitespace=9.33 DIP</StdOut>
      </Output>
    </UnitTestResult>
    <UnitTestResult executionId="72ed5342-e82d-4e31-8df0-94a80e841658" testId="9e3c6f8b-30ab-fe18-71eb-8de17a35559e" testName="GameSaveCenter.Playnite.Tests.ReportedWorkspaceLayoutBehaviorTests.CompactInboxKeepsBatchButtonsCompactAndTheGridInsideItsFrameRow(theme: Light)" computerName="SULT" duration="00:00:00.7220000" startTime="2026-09-24T13:16:37.9891128+08:00" endTime="2026-09-24T13:16:38.6690140+08:00" testType="13cdc9d9-ddb5-4fa4-a97d-d965ccfc6d4b" outcome="Passed" testListId="8c84fa94-04c1-424b-9868-57a2d4851a1d" relativeResultsDirectory="72ed5342-e82d-4e31-8df0-94a80e841658">
      <Output>
        <StdOut>Light Media Inbox: clear/reset/assign=36/36/36 DIP, mode=36 DIP, centersΔ=0.33/0.33/0.33 DIP, max button=36 DIP, spread=0 DIP, target=71.33 DIP, max centerΔ=0.33 DIP, clear visible=True, grid=360 DIP, grid/footer overlap=0 DIP, internal scrollbar contained=True (bar=140.67..458.67, grid=98.67..458.67, footerTop=468.67, internalOffset=74/74), offset=107.33, extent=672.67, viewport=565.33, footer=373.33..552; loaded=True, visible=True, enabled=True, mode=Auto/Visible, contentScroll=False, bar=74/74, afterScroll=107.33/107.33, barAfter=74</StdOut>
      </Output>
    </UnitTestResult>
    <UnitTestResult executionId="11ca91e5-5b98-4d5f-91fe-d2ad9c55262a" testId="fbe44cf9-75c2-f417-0c33-fc05b6e170df" testName="GameSaveCenter.Playnite.Tests.ReportedWorkspaceLayoutBehaviorTests.FailedTaskStatusStaysInItsCellAcrossRecyclingWithoutAFullRowFrame(theme: Dark)" computerName="SULT" duration="00:00:00.4760000" startTime="2026-09-24T13:16:44.8477027+08:00" endTime="2026-09-24T13:16:45.3213756+08:00" testType="13cdc9d9-ddb5-4fa4-a97d-d965ccfc6d4b" outcome="Passed" testListId="8c84fa94-04c1-424b-9868-57a2d4851a1d" relativeResultsDirectory="11ca91e5-5b98-4d5f-91fe-d2ad9c55262a">
      <Output>
        <StdOut>Dark Task grid: initial/recycled rows=13/14, far row reached=True, failed rows checked=7, error-presentation mismatches=0, row chrome position error=0 DIP, row-height spread=0 DIP, theme=Dark, grid=1693.33×644.67, visible=True, loaded=True, visibility=Visible, items=2400, virtualized=True</StdOut>
      </Output>
    </UnitTestResult>
    <UnitTestResult executionId="06ac5b5a-47c3-44ef-8253-6b669b9781fe" testId="5b92d484-f6f0-286a-f232-9ef2ecc57b98" testName="GameSaveCenter.Playnite.Tests.ReportedWorkspaceLayoutBehaviorTests.SettingsHeaderAndPathActionsStayAnchoredToTheirLabelsAndEachOther(theme: Dark)" computerName="SULT" duration="00:00:02.1190000" startTime="2026-09-24T13:16:40.7568457+08:00" endTime="2026-09-24T13:16:42.8743983+08:00" testType="13cdc9d9-ddb5-4fa4-a97d-d965ccfc6d4b" outcome="Passed" testListId="8c84fa94-04c1-424b-9868-57a2d4851a1d" relativeResultsDirectory="06ac5b5a-47c3-44ef-8253-6b669b9781fe">
      <Output>
        <StdOut>Dark Settings: icon/title topΔ=11.33 DIP, horizontal gap=12 DIP, search/title leftΔ=0 DIP, centered-negative Δ=287.33 DIP, wide shell/search=1360/0 DIP, windowed 1254×800 icon/title topΔ=11.33 DIP, search/title leftΔ=0 DIP, search/icon top gap=72.67 DIP, reset center/height spread=0/0 DIP, search size=520×36 DIP, reset/title leftΔ=0 DIP, reset/search gap=14 DIP, reset controls center/height spread=0/0 DIP (Button=90.67×36 DIP @ 71.33, Button=102.67×36 DIP @ 71.33, ComboBox=260×36 DIP @ 71.33), compact search width/overflow/leftΔ=392/0/0 DIP, save-hint row=1-&gt;0, hint/title topΔ=19.33 DIP, path control center spread=0 DIP, height spread=0 DIP (Button/浏览: 36, Button/校验: 36, Button/打开: 36, Button/复制: 36, ComboBox/combo: 36)</StdOut>
      </Output>
    </UnitTestResult>
  </Results>
  <TestDefinitions>
    <UnitTest name="GameSaveCenter.Playnite.Tests.ReportedWorkspaceLayoutBehaviorTests.WindowedSaveHistoryDoesNotExpandTheSummaryCardAroundItsActions(theme: Light)" storage="d:\workplace\github\gamesavecenter\.tmp\r19e\bin\gamesavecenter.playnite.tests\release\net472\gamesavecenter.playnite.tests.dll" id="f14d8609-0abd-c6e4-e4de-0cbe507aab27">
      <Execution id="ccfe3dbd-e2fb-470f-a97a-61f19fe20d37" />
      <TestMethod codeBase="D:\workplace\github\GameSaveCenter\.tmp\r19e\bin\GameSaveCenter.Playnite.Tests\Release\net472\GameSaveCenter.Playnite.Tests.dll" adapterTypeName="executor://xunit/VsTestRunner3/netfx/" className="GameSaveCenter.Playnite.Tests.ReportedWorkspaceLayoutBehaviorTests" name="WindowedSaveHistoryDoesNotExpandTheSummaryCardAroundItsActions" />
    </UnitTest>
    <UnitTest name="GameSaveCenter.Playnite.Tests.ReportedWorkspaceLayoutBehaviorTests.CompactInboxKeepsBatchButtonsCompactAndTheGridInsideItsFrameRow(theme: Light)" storage="d:\workplace\github\gamesavecenter\.tmp\r19e\bin\gamesavecenter.playnite.tests\release\net472\gamesavecenter.playnite.tests.dll" id="9e3c6f8b-30ab-fe18-71eb-8de17a35559e">
      <Execution id="72ed5342-e82d-4e31-8df0-94a80e841658" />
      <TestMethod codeBase="D:\workplace\github\GameSaveCenter\.tmp\r19e\bin\GameSaveCenter.Playnite.Tests\Release\net472\GameSaveCenter.Playnite.Tests.dll" adapterTypeName="executor://xunit/VsTestRunner3/netfx/" className="GameSaveCenter.Playnite.Tests.ReportedWorkspaceLayoutBehaviorTests" name="CompactInboxKeepsBatchButtonsCompactAndTheGridInsideItsFrameRow" />
    </UnitTest>
    <UnitTest name="GameSaveCenter.Playnite.Tests.ReportedWorkspaceLayoutBehaviorTests.SettingsHeaderAndPathActionsStayAnchoredToTheirLabelsAndEachOther(theme: Dark)" storage="d:\workplace\github\gamesavecenter\.tmp\r19e\bin\gamesavecenter.playnite.tests\release\net472\gamesavecenter.playnite.tests.dll" id="5b92d484-f6f0-286a-f232-9ef2ecc57b98">
      <Execution id="06ac5b5a-47c3-44ef-8253-6b669b9781fe" />
      <TestMethod codeBase="D:\workplace\github\GameSaveCenter\.tmp\r19e\bin\GameSaveCenter.Playnite.Tests\Release\net472\GameSaveCenter.Playnite.Tests.dll" adapterTypeName="executor://xunit/VsTestRunner3/netfx/" className="GameSaveCenter.Playnite.Tests.ReportedWorkspaceLayoutBehaviorTests" name="SettingsHeaderAndPathActionsStayAnchoredToTheirLabelsAndEachOther" />
    </UnitTest>
    <UnitTest name="GameSaveCenter.Playnite.Tests.ReportedWorkspaceLayoutBehaviorTests.SettingsHeaderAndPathActionsStayAnchoredToTheirLabelsAndEachOther(theme: Light)" storage="d:\workplace\github\gamesavecenter\.tmp\r19e\bin\gamesavecenter.playnite.tests\release\net472\gamesavecenter.playnite.tests.dll" id="3e867d51-35ab-df84-be15-7cde1b106a2b">
      <Execution id="5462951c-620d-4b98-a7aa-4b55e27ebde0" />
      <TestMethod codeBase="D:\workplace\github\GameSaveCenter\.tmp\r19e\bin\GameSaveCenter.Playnite.Tests\Release\net472\GameSaveCenter.Playnite.Tests.dll" adapterTypeName="executor://xunit/VsTestRunner3/netfx/" className="GameSaveCenter.Playnite.Tests.ReportedWorkspaceLayoutBehaviorTests" name="SettingsHeaderAndPathActionsStayAnchoredToTheirLabelsAndEachOther" />
    </UnitTest>
    <UnitTest name="GameSaveCenter.Playnite.Tests.ReportedWorkspaceLayoutBehaviorTests.WindowedSaveHistoryDoesNotExpandTheSummaryCardAroundItsActions(theme: Dark)" storage="d:\workplace\github\gamesavecenter\.tmp\r19e\bin\gamesavecenter.playnite.tests\release\net472\gamesavecenter.playnite.tests.dll" id="518e3f14-882c-6541-6ec8-46c20a796276">
      <Execution id="02ff664c-1284-415e-b62d-7e5d043b16f0" />
      <TestMethod codeBase="D:\workplace\github\GameSaveCenter\.tmp\r19e\bin\GameSaveCenter.Playnite.Tests\Release\net472\GameSaveCenter.Playnite.Tests.dll" adapterTypeName="executor://xunit/VsTestRunner3/netfx/" className="GameSaveCenter.Playnite.Tests.ReportedWorkspaceLayoutBehaviorTests" name="WindowedSaveHistoryDoesNotExpandTheSummaryCardAroundItsActions" />
    </UnitTest>
    <UnitTest name="GameSaveCenter.Playnite.Tests.ReportedWorkspaceLayoutBehaviorTests.CompactInboxKeepsBatchButtonsCompactAndTheGridInsideItsFrameRow(theme: Dark)" storage="d:\workplace\github\gamesavecenter\.tmp\r19e\bin\gamesavecenter.playnite.tests\release\net472\gamesavecenter.playnite.tests.dll" id="173f2a21-7e05-9824-5b3c-9c9b97a322d4">
      <Execution id="bfca83f5-9c1f-4fec-893b-7c6aafed9686" />
      <TestMethod codeBase="D:\workplace\github\GameSaveCenter\.tmp\r19e\bin\GameSaveCenter.Playnite.Tests\Release\net472\GameSaveCenter.Playnite.Tests.dll" adapterTypeName="executor://xunit/VsTestRunner3/netfx/" className="GameSaveCenter.Playnite.Tests.ReportedWorkspaceLayoutBehaviorTests" name="CompactInboxKeepsBatchButtonsCompactAndTheGridInsideItsFrameRow" />
    </UnitTest>
    <UnitTest name="GameSaveCenter.Playnite.Tests.ReportedWorkspaceLayoutBehaviorTests.FailedTaskStatusStaysInItsCellAcrossRecyclingWithoutAFullRowFrame(theme: Light)" storage="d:\workplace\github\gamesavecenter\.tmp\r19e\bin\gamesavecenter.playnite.tests\release\net472\gamesavecenter.playnite.tests.dll" id="92dca8d8-017c-0ca1-5bd7-bf82b0104435">
      <Execution id="cc8253aa-3ed6-4a37-9efc-0ef062693c6d" />
      <TestMethod codeBase="D:\workplace\github\GameSaveCenter\.tmp\r19e\bin\GameSaveCenter.Playnite.Tests\Release\net472\GameSaveCenter.Playnite.Tests.dll" adapterTypeName="executor://xunit/VsTestRunner3/netfx/" className="GameSaveCenter.Playnite.Tests.ReportedWorkspaceLayoutBehaviorTests" name="FailedTaskStatusStaysInItsCellAcrossRecyclingWithoutAFullRowFrame" />
    </UnitTest>
    <UnitTest name="GameSaveCenter.Playnite.Tests.ReportedWorkspaceLayoutBehaviorTests.FailedTaskStatusStaysInItsCellAcrossRecyclingWithoutAFullRowFrame(theme: Dark)" storage="d:\workplace\github\gamesavecenter\.tmp\r19e\bin\gamesavecenter.playnite.tests\release\net472\gamesavecenter.playnite.tests.dll" id="fbe44cf9-75c2-f417-0c33-fc05b6e170df">
      <Execution id="11ca91e5-5b98-4d5f-91fe-d2ad9c55262a" />
      <TestMethod codeBase="D:\workplace\github\GameSaveCenter\.tmp\r19e\bin\GameSaveCenter.Playnite.Tests\Release\net472\GameSaveCenter.Playnite.Tests.dll" adapterTypeName="executor://xunit/VsTestRunner3/netfx/" className="GameSaveCenter.Playnite.Tests.ReportedWorkspaceLayoutBehaviorTests" name="FailedTaskStatusStaysInItsCellAcrossRecyclingWithoutAFullRowFrame" />
    </UnitTest>
  </TestDefinitions>
  <TestEntries>
    <TestEntry testId="f14d8609-0abd-c6e4-e4de-0cbe507aab27" executionId="ccfe3dbd-e2fb-470f-a97a-61f19fe20d37" testListId="8c84fa94-04c1-424b-9868-57a2d4851a1d" />
    <TestEntry testId="3e867d51-35ab-df84-be15-7cde1b106a2b" executionId="5462951c-620d-4b98-a7aa-4b55e27ebde0" testListId="8c84fa94-04c1-424b-9868-57a2d4851a1d" />
    <TestEntry testId="173f2a21-7e05-9824-5b3c-9c9b97a322d4" executionId="bfca83f5-9c1f-4fec-893b-7c6aafed9686" testListId="8c84fa94-04c1-424b-9868-57a2d4851a1d" />
    <TestEntry testId="92dca8d8-017c-0ca1-5bd7-bf82b0104435" executionId="cc8253aa-3ed6-4a37-9efc-0ef062693c6d" testListId="8c84fa94-04c1-424b-9868-57a2d4851a1d" />
    <TestEntry testId="518e3f14-882c-6541-6ec8-46c20a796276" executionId="02ff664c-1284-415e-b62d-7e5d043b16f0" testListId="8c84fa94-04c1-424b-9868-57a2d4851a1d" />
    <TestEntry testId="9e3c6f8b-30ab-fe18-71eb-8de17a35559e" executionId="72ed5342-e82d-4e31-8df0-94a80e841658" testListId="8c84fa94-04c1-424b-9868-57a2d4851a1d" />
    <TestEntry testId="fbe44cf9-75c2-f417-0c33-fc05b6e170df" executionId="11ca91e5-5b98-4d5f-91fe-d2ad9c55262a" testListId="8c84fa94-04c1-424b-9868-57a2d4851a1d" />
    <TestEntry testId="5b92d484-f6f0-286a-f232-9ef2ecc57b98" executionId="06ac5b5a-47c3-44ef-8253-6b669b9781fe" testListId="8c84fa94-04c1-424b-9868-57a2d4851a1d" />
  </TestEntries>
  <TestLists>
    <TestList name="列表中未列出的结果" id="8c84fa94-04c1-424b-9868-57a2d4851a1d" />
    <TestList name="所有已加载的结果" id="19431567-8539-422a-85d7-44ee4e166bda" />
  </TestLists>
  <ResultSummary outcome="Completed">
    <Counters total="8" executed="8" passed="8" failed="0" error="0" timeout="0" aborted="0" inconclusive="0" passedButRunAborted="0" notRunnable="0" notExecuted="0" disconnected="0" warning="0" completed="0" inProgress="0" pending="0" />
    <Output>
      <StdOut>[xUnit.net 00:00:00.00] xUnit.net VSTest Adapter v3.1.4+50e68bbb8b (64-bit .NET Framework 4.8.9181.0)&#xD;
[xUnit.net 00:00:00.56]   Discovering: GameSaveCenter.Playnite.Tests&#xD;
[xUnit.net 00:00:03.06]   Discovered:  GameSaveCenter.Playnite.Tests&#xD;
[xUnit.net 00:00:03.14]   Starting:    GameSaveCenter.Playnite.Tests&#xD;
[xUnit.net 00:00:15.08]   Finished:    GameSaveCenter.Playnite.Tests&#xD;
</StdOut>
    </Output>
  </ResultSummary>
</TestRun>