<?xml version="1.0" encoding="utf-8"?>
<TestRun id="a147a63b-6504-48c5-bddc-75e079ec10c1" name="lopmatu@SULT 2026-09-30 03:38:57" runUser="Sult\lopmatu" xmlns="http://microsoft.com/schemas/VisualStudio/TeamTest/2010">
  <Times creation="2026-09-30T03:38:57.3228536+08:00" queuing="2026-09-30T03:38:57.3228539+08:00" start="2026-09-30T03:38:53.1310598+08:00" finish="2026-09-30T03:39:17.3348337+08:00" />
  <TestSettings name="default" id="93bfa07c-b843-4102-88d1-b5b99231b947">
    <Deployment runDeploymentRoot="lopmatu_SULT_2026-09-30_03_38_57" />
  </TestSettings>
  <Results>
    <UnitTestResult executionId="61536223-1a09-46a2-b874-72be96abc1af" testId="10cf7944-f661-0d0f-5c57-230c39db81fe" testName="GameSaveCenter.Playnite.Tests.GamePickerKeyboardBehaviorTests.EnterConfirmsTheVisibleListCandidateAndReturnsFocusToTheContextButton" computerName="SULT" duration="00:00:00.2090000" startTime="2026-09-30T03:38:59.8925690+08:00" endTime="2026-09-30T03:39:00.0900947+08:00" testType="13cdc9d9-ddb5-4fa4-a97d-d965ccfc6d4b" outcome="Passed" testListId="8c84fa94-04c1-424b-9868-57a2d4851a1d" relativeResultsDirectory="61536223-1a09-46a2-b874-72be96abc1af" />
    <UnitTestResult executionId="2e7389e9-b545-4edf-928c-2d48bec48777" testId="e4b4ecdb-e68a-0106-a3af-2b2f5a18616c" testName="GameSaveCenter.Playnite.Tests.GamePickerViewModelTests.ClearFiltersResetsSearchStatusAndPlatformButKeepsSort" computerName="SULT" duration="00:00:00.0030000" startTime="2026-09-30T03:38:57.2918490+08:00" endTime="2026-09-30T03:38:57.2928465+08:00" testType="13cdc9d9-ddb5-4fa4-a97d-d965ccfc6d4b" outcome="Passed" testListId="8c84fa94-04c1-424b-9868-57a2d4851a1d" relativeResultsDirectory="2e7389e9-b545-4edf-928c-2d48bec48777" />
    <UnitTestResult executionId="f0fc617c-7843-42f9-bf2b-e94c50627e60" testId="dc2d4766-0b4e-7695-2e56-0dfc5d918197" testName="GameSaveCenter.Playnite.Tests.GamePickerViewModelTests.SortModesHaveStableNameTieBreaker" computerName="SULT" duration="00:00:00.0280000" startTime="2026-09-30T03:38:57.2654882+08:00" endTime="2026-09-30T03:38:57.2848485+08:00" testType="13cdc9d9-ddb5-4fa4-a97d-d965ccfc6d4b" outcome="Passed" testListId="8c84fa94-04c1-424b-9868-57a2d4851a1d" relativeResultsDirectory="f0fc617c-7843-42f9-bf2b-e94c50627e60" />
    <UnitTestResult executionId="9258cded-f70a-478d-bcfb-ecd02ce1958b" testId="3b578851-a22d-ecfd-41ff-473668dd68e6" testName="GameSaveCenter.Playnite.Tests.GamePickerViewModelTests.PersistedStateIsRestoredWithoutAnyWorkerRequest" computerName="SULT" duration="00:00:00.0010000" startTime="2026-09-30T03:38:57.3502495+08:00" endTime="2026-09-30T03:38:57.3512497+08:00" testType="13cdc9d9-ddb5-4fa4-a97d-d965ccfc6d4b" outcome="Passed" testListId="8c84fa94-04c1-424b-9868-57a2d4851a1d" relativeResultsDirectory="9258cded-f70a-478d-bcfb-ecd02ce1958b" />
    <UnitTestResult executionId="084c6a43-ecb1-4584-89b0-1598ec24d22a" testId="e298cbf7-ea6b-e6b2-fcf2-8b69d096edc1" testName="GameSaveCenter.Playnite.Tests.GamePickerViewModelTests.SearchAndPlatformFilterUseLocalCacheWithoutWorkerDependency" computerName="SULT" duration="00:00:00.0010000" startTime="2026-09-30T03:38:57.3228438+08:00" endTime="2026-09-30T03:38:57.3239758+08:00" testType="13cdc9d9-ddb5-4fa4-a97d-d965ccfc6d4b" outcome="Passed" testListId="8c84fa94-04c1-424b-9868-57a2d4851a1d" relativeResultsDirectory="084c6a43-ecb1-4584-89b0-1598ec24d22a" />
    <UnitTestResult executionId="0a827582-e6f9-4a6d-8891-8231e8461313" testId="5ed97c4a-ef50-f3c2-bfc3-4d5b56f0e3b0" testName="GameSaveCenter.Playnite.Tests.GamePickerViewModelTests.NewPickerShowsAllGamesByDefault" computerName="SULT" duration="00:00:00.0010000" startTime="2026-09-30T03:38:57.2868486+08:00" endTime="2026-09-30T03:38:57.2878485+08:00" testType="13cdc9d9-ddb5-4fa4-a97d-d965ccfc6d4b" outcome="Passed" testListId="8c84fa94-04c1-424b-9868-57a2d4851a1d" relativeResultsDirectory="0a827582-e6f9-4a6d-8891-8231e8461313" />
    <UnitTestResult executionId="b6156448-ddac-4200-991e-0dac8fec70ca" testId="23a09452-7fbc-d777-d6ce-0f205a0b9089" testName="GameSaveCenter.Playnite.Tests.GamePickerViewModelTests.SelectionIsPreservedWhenCurrentFiltersHideIt" computerName="SULT" duration="00:00:00.0010000" startTime="2026-09-30T03:38:57.2898480+08:00" endTime="2026-09-30T03:38:57.2898480+08:00" testType="13cdc9d9-ddb5-4fa4-a97d-d965ccfc6d4b" outcome="Passed" testListId="8c84fa94-04c1-424b-9868-57a2d4851a1d" relativeResultsDirectory="b6156448-ddac-4200-991e-0dac8fec70ca" />
    <UnitTestResult executionId="a4849b90-3a05-474a-b416-dd5a77df91d5" testId="6b3fe9f0-76e6-dc62-9c8d-d551ba38833d" testName="GameSaveCenter.Playnite.Tests.GamePickerKeyboardBehaviorTests.ImeProcessedAndArrowKeysRemainInThePickerInputRoute" computerName="SULT" duration="00:00:00.1840000" startTime="2026-09-30T03:39:00.1797272+08:00" endTime="2026-09-30T03:39:00.3502909+08:00" testType="13cdc9d9-ddb5-4fa4-a97d-d965ccfc6d4b" outcome="Passed" testListId="8c84fa94-04c1-424b-9868-57a2d4851a1d" relativeResultsDirectory="a4849b90-3a05-474a-b416-dd5a77df91d5" />
    <UnitTestResult executionId="edd7a0f6-226b-4f39-bf86-f46e2e0348a3" testId="5e1c5085-98fd-7b9c-bc97-57b223f0dd74" testName="GameSaveCenter.Playnite.Tests.GamePickerKeyboardBehaviorTests.EnterWithNoVisibleResultKeepsThePreviouslySelectedGameAndPickerOpen" computerName="SULT" duration="00:00:00.1900000" startTime="2026-09-30T03:39:00.3579182+08:00" endTime="2026-09-30T03:39:00.5401461+08:00" testType="13cdc9d9-ddb5-4fa4-a97d-d965ccfc6d4b" outcome="Passed" testListId="8c84fa94-04c1-424b-9868-57a2d4851a1d" relativeResultsDirectory="edd7a0f6-226b-4f39-bf86-f46e2e0348a3" />
    <UnitTestResult executionId="4a4a11c8-bbd8-49eb-8850-bd11932f06c6" testId="fb82b4a6-3e13-529b-bfa7-98301e41062b" testName="GameSaveCenter.Playnite.Tests.GamePickerViewModelTests.SameNameItemsRemainDistinctAndSelectionUsesPlayniteId" computerName="SULT" duration="00:00:00.0040000" startTime="2026-09-30T03:38:57.3544885+08:00" endTime="2026-09-30T03:38:57.3555001+08:00" testType="13cdc9d9-ddb5-4fa4-a97d-d965ccfc6d4b" outcome="Passed" testListId="8c84fa94-04c1-424b-9868-57a2d4851a1d" relativeResultsDirectory="4a4a11c8-bbd8-49eb-8850-bd11932f06c6" />
    <UnitTestResult executionId="486e2445-1fcd-4aab-8a43-3adddf3f15d9" testId="ec6a6737-9a66-11c3-1800-31805a6f6a7e" testName="GameSaveCenter.Playnite.Tests.GamePickerViewModelTests.UnchangedSetEmitsNoCollectionNotification" computerName="SULT" duration="00:00:00.0070000" startTime="2026-09-30T03:38:57.3128439+08:00" endTime="2026-09-30T03:38:57.3138439+08:00" testType="13cdc9d9-ddb5-4fa4-a97d-d965ccfc6d4b" outcome="Passed" testListId="8c84fa94-04c1-424b-9868-57a2d4851a1d" relativeResultsDirectory="486e2445-1fcd-4aab-8a43-3adddf3f15d9" />
    <UnitTestResult executionId="57513ada-8734-4666-9275-c05d448cdf4c" testId="73204464-2bdc-fb0d-9709-b1747f7f738f" testName="GameSaveCenter.Playnite.Tests.GamePickerViewModelTests.ChangedSelectedGameRefreshRaisesSelectedGameNotification" computerName="SULT" duration="00:00:00.0010000" startTime="2026-09-30T03:38:57.3148449+08:00" endTime="2026-09-30T03:38:57.3158439+08:00" testType="13cdc9d9-ddb5-4fa4-a97d-d965ccfc6d4b" outcome="Passed" testListId="8c84fa94-04c1-424b-9868-57a2d4851a1d" relativeResultsDirectory="57513ada-8734-4666-9275-c05d448cdf4c" />
    <UnitTestResult executionId="63b95bb2-abae-4e7d-a369-785da052dc54" testId="997713b0-e9e9-642d-ff38-5b8b5c186c98" testName="GameSaveCenter.Playnite.Tests.GamePickerViewModelTests.LargeSetReplacementEmitsOneResetNotification" computerName="SULT" duration="00:00:00.0020000" startTime="2026-09-30T03:38:57.3411185+08:00" endTime="2026-09-30T03:38:57.3421166+08:00" testType="13cdc9d9-ddb5-4fa4-a97d-d965ccfc6d4b" outcome="Passed" testListId="8c84fa94-04c1-424b-9868-57a2d4851a1d" relativeResultsDirectory="63b95bb2-abae-4e7d-a369-785da052dc54" />
    <UnitTestResult executionId="83b7190f-aab3-44fb-bb52-65855731ea60" testId="3587199d-b270-a61a-0ea4-44567b784cde" testName="GameSaveCenter.Playnite.Tests.GamePickerViewModelTests.PickerItemsExposeDemoStylePresentationFieldsLocally" computerName="SULT" duration="00:00:00.0020000" startTime="2026-09-30T03:38:56.9904808+08:00" endTime="2026-09-30T03:38:56.9914807+08:00" testType="13cdc9d9-ddb5-4fa4-a97d-d965ccfc6d4b" outcome="Passed" testListId="8c84fa94-04c1-424b-9868-57a2d4851a1d" relativeResultsDirectory="83b7190f-aab3-44fb-bb52-65855731ea60" />
    <UnitTestResult executionId="54097a31-d69b-42d0-a5aa-ebcb2013aa9d" testId="c8c9f206-4bcf-412d-e70a-84203e568cc5" testName="GameSaveCenter.Playnite.Tests.GamePickerViewModelTests.SelectionFallsBackWhenSelectedGameIsRemovedAndPreservesHiddenSelection" computerName="SULT" duration="00:00:00.2840000" startTime="2026-09-30T03:38:56.9944808+08:00" endTime="2026-09-30T03:38:57.2571683+08:00" testType="13cdc9d9-ddb5-4fa4-a97d-d965ccfc6d4b" outcome="Passed" testListId="8c84fa94-04c1-424b-9868-57a2d4851a1d" relativeResultsDirectory="54097a31-d69b-42d0-a5aa-ebcb2013aa9d" />
    <UnitTestResult executionId="723c3ae9-31a1-44af-b5e1-e36a0287f0b0" testId="a8fd9437-2cca-22b6-ec0e-4f241cacbb96" testName="GameSaveCenter.Playnite.Tests.GamePickerViewModelTests.FilterDiagnosisUsesTheSamePredicateAsThePicker" computerName="SULT" duration="00:00:00.0020000" startTime="2026-09-30T03:38:57.3178439+08:00" endTime="2026-09-30T03:38:57.3188439+08:00" testType="13cdc9d9-ddb5-4fa4-a97d-d965ccfc6d4b" outcome="Passed" testListId="8c84fa94-04c1-424b-9868-57a2d4851a1d" relativeResultsDirectory="723c3ae9-31a1-44af-b5e1-e36a0287f0b0" />
    <UnitTestResult executionId="45557e04-82ea-4899-a300-c675a9615298" testId="ae894b52-3ecf-9c15-f90c-e32eb12650b7" testName="GameSaveCenter.Playnite.Tests.GamePickerKeyboardBehaviorTests.ActiveTextCompositionKeepsPickerOpenUntilCompositionCommits" computerName="SULT" duration="00:00:00.1710000" startTime="2026-09-30T03:39:00.7283146+08:00" endTime="2026-09-30T03:39:00.8928821+08:00" testType="13cdc9d9-ddb5-4fa4-a97d-d965ccfc6d4b" outcome="Passed" testListId="8c84fa94-04c1-424b-9868-57a2d4851a1d" relativeResultsDirectory="45557e04-82ea-4899-a300-c675a9615298" />
    <UnitTestResult executionId="90e83246-710f-4fc7-9ce4-d1bf44a50b2d" testId="a35cfc3b-1888-23e9-ad5f-20481d79577d" testName="GameSaveCenter.Playnite.Tests.KeyboardFocusSourceTests.CompactInspectorsDeclareEscapeAndFocusReturnContract" computerName="SULT" duration="00:00:00.1370000" startTime="2026-09-30T03:38:57.3624958+08:00" endTime="2026-09-30T03:38:57.4563932+08:00" testType="13cdc9d9-ddb5-4fa4-a97d-d965ccfc6d4b" outcome="Passed" testListId="8c84fa94-04c1-424b-9868-57a2d4851a1d" relativeResultsDirectory="90e83246-710f-4fc7-9ce4-d1bf44a50b2d" />
    <UnitTestResult executionId="7ce96ba0-397d-4144-b0eb-9f4df5fc468e" testId="a33b174a-153d-c3ef-344a-f913bbbd63af" testName="GameSaveCenter.Playnite.Tests.GamePickerViewModelTests.FiltersInstalledMatchedBackupAttentionAndUnmatchedLocally" computerName="SULT" duration="00:00:00.0010000" startTime="2026-09-30T03:38:57.3482496+08:00" endTime="2026-09-30T03:38:57.3492497+08:00" testType="13cdc9d9-ddb5-4fa4-a97d-d965ccfc6d4b" outcome="Passed" testListId="8c84fa94-04c1-424b-9868-57a2d4851a1d" relativeResultsDirectory="7ce96ba0-397d-4144-b0eb-9f4df5fc468e" />
    <UnitTestResult executionId="06e7dfd9-34b8-44ab-8eb9-7173b33fc6a0" testId="3e078d6f-9714-de7e-2e09-07117243d057" testName="GameSaveCenter.Playnite.Tests.GamePickerViewModelTests.FreshOrUnknownStatusDefaultsToInstalled(persistedStatus: &quot;&quot;)" computerName="SULT" duration="00:00:00.0010000" startTime="2026-09-30T03:38:57.3068439+08:00" endTime="2026-09-30T03:38:57.3088445+08:00" testType="13cdc9d9-ddb5-4fa4-a97d-d965ccfc6d4b" outcome="Passed" testListId="8c84fa94-04c1-424b-9868-57a2d4851a1d" relativeResultsDirectory="06e7dfd9-34b8-44ab-8eb9-7173b33fc6a0" />
    <UnitTestResult executionId="90ad6855-281d-443d-87b8-235fc5682424" testId="bf221653-53ea-e370-7ed0-a5ed40dba975" testName="GameSaveCenter.Playnite.Tests.KeyboardFocusSourceTests.ProductionGamePickerEscapeActuallyReturnsFocusToContextButton" computerName="SULT" duration="00:00:01.9400000" startTime="2026-09-30T03:38:57.4693933+08:00" endTime="2026-09-30T03:38:59.4057882+08:00" testType="13cdc9d9-ddb5-4fa4-a97d-d965ccfc6d4b" outcome="Passed" testListId="8c84fa94-04c1-424b-9868-57a2d4851a1d" relativeResultsDirectory="90ad6855-281d-443d-87b8-235fc5682424" />
    <UnitTestResult executionId="fe012adf-3353-4f2e-a448-6c352d5e4380" testId="b56b5f15-4ab8-5996-68c4-0536c5157b43" testName="GameSaveCenter.Playnite.Tests.GamePickerViewModelTests.FreshOrUnknownStatusDefaultsToInstalled(persistedStatus: null)" computerName="SULT" duration="00:00:00.0010000" startTime="2026-09-30T03:38:57.2948431+08:00" endTime="2026-09-30T03:38:57.2948431+08:00" testType="13cdc9d9-ddb5-4fa4-a97d-d965ccfc6d4b" outcome="Passed" testListId="8c84fa94-04c1-424b-9868-57a2d4851a1d" relativeResultsDirectory="fe012adf-3353-4f2e-a448-6c352d5e4380" />
    <UnitTestResult executionId="aa85ae81-e21f-4843-a6f1-0236bbee804f" testId="f4cb4959-5ce4-5d15-f09b-2ab89a1b8546" testName="GameSaveCenter.Playnite.Tests.KeyboardFocusSourceTests.ProductionGamePickerClosesWithEscapeOrEnterAndReturnsFocus" computerName="SULT" duration="00:00:00.0090000" startTime="2026-09-30T03:38:57.4583930+08:00" endTime="2026-09-30T03:38:57.4653934+08:00" testType="13cdc9d9-ddb5-4fa4-a97d-d965ccfc6d4b" outcome="Passed" testListId="8c84fa94-04c1-424b-9868-57a2d4851a1d" relativeResultsDirectory="aa85ae81-e21f-4843-a6f1-0236bbee804f" />
    <UnitTestResult executionId="8e5c1318-1825-4b69-9e0c-efcd305df5ec" testId="9ef9c0e0-d5da-bf8a-7de7-c26bef2b5bf9" testName="GameSaveCenter.Playnite.Tests.GamePickerViewModelTests.FreshOrUnknownStatusDefaultsToInstalled(persistedStatus: &quot;未知值&quot;)" computerName="SULT" duration="00:00:00.0010000" startTime="2026-09-30T03:38:57.2968439+08:00" endTime="2026-09-30T03:38:57.2978438+08:00" testType="13cdc9d9-ddb5-4fa4-a97d-d965ccfc6d4b" outcome="Passed" testListId="8c84fa94-04c1-424b-9868-57a2d4851a1d" relativeResultsDirectory="8e5c1318-1825-4b69-9e0c-efcd305df5ec" />
    <UnitTestResult executionId="a3d39c8b-2149-4b91-bf69-1e4fe63b20c3" testId="ff77681d-e2ef-6eba-ad6e-58e162bd4783" testName="GameSaveCenter.Playnite.Tests.GamePickerViewModelTests.AllFilterIncludesUninstalledGameThatHasMatchOrBackup" computerName="SULT" duration="00:00:00.0010000" startTime="2026-09-30T03:38:57.3381167+08:00" endTime="2026-09-30T03:38:57.3391173+08:00" testType="13cdc9d9-ddb5-4fa4-a97d-d965ccfc6d4b" outcome="Passed" testListId="8c84fa94-04c1-424b-9868-57a2d4851a1d" relativeResultsDirectory="a3d39c8b-2149-4b91-bf69-1e4fe63b20c3" />
    <UnitTestResult executionId="7fecd28c-6997-4d0c-a16c-7e7506fa76a6" testId="84df336c-92d0-c0ab-9241-a0f6f9524780" testName="GameSaveCenter.Playnite.Tests.GamePickerViewModelTests.PickerItemsExposeStableIdentityAndOptionalPlayniteIcon" computerName="SULT" duration="00:00:00.0190000" startTime="2026-09-30T03:38:56.9654868+08:00" endTime="2026-09-30T03:38:56.9711176+08:00" testType="13cdc9d9-ddb5-4fa4-a97d-d965ccfc6d4b" outcome="Passed" testListId="8c84fa94-04c1-424b-9868-57a2d4851a1d" relativeResultsDirectory="7fecd28c-6997-4d0c-a16c-7e7506fa76a6" />
    <UnitTestResult executionId="5b8cf5b4-6f68-40e6-8619-c1929f98d0be" testId="e0791591-f3fb-aa0b-4ea0-24c95e9a7ae3" testName="GameSaveCenter.Playnite.Tests.KeyboardFocusSourceTests.TaskInspectorIsFocusableWithoutEnteringTabSequence" computerName="SULT" duration="00:00:00.4680000" startTime="2026-09-30T03:38:59.4169851+08:00" endTime="2026-09-30T03:38:59.8820678+08:00" testType="13cdc9d9-ddb5-4fa4-a97d-d965ccfc6d4b" outcome="Passed" testListId="8c84fa94-04c1-424b-9868-57a2d4851a1d" relativeResultsDirectory="5b8cf5b4-6f68-40e6-8619-c1929f98d0be" />
    <UnitTestResult executionId="d0816c2e-f722-409c-b60d-2d1ea1a4206d" testId="f8ac4bf1-cf34-211a-fd92-361920303a10" testName="GameSaveCenter.Playnite.Tests.KeyboardFocusSourceTests.ProductionHeaderAndPickerActionsHaveStableAutomationNames" computerName="SULT" duration="00:00:00.0080000" startTime="2026-09-30T03:38:59.4077864+08:00" endTime="2026-09-30T03:38:59.4139843+08:00" testType="13cdc9d9-ddb5-4fa4-a97d-d965ccfc6d4b" outcome="Passed" testListId="8c84fa94-04c1-424b-9868-57a2d4851a1d" relativeResultsDirectory="d0816c2e-f722-409c-b60d-2d1ea1a4206d" />
    <UnitTestResult executionId="7145cdd6-6ae2-4330-90c4-b24a89591017" testId="93684569-1393-c664-a57e-00592eb6bf94" testName="GameSaveCenter.Playnite.Tests.GamePickerViewModelTests.InstalledFilterKeepsInstalledGameVisibleWhenSearching" computerName="SULT" duration="00:00:00.0010000" startTime="2026-09-30T03:38:57.3574986+08:00" endTime="2026-09-30T03:38:57.3584990+08:00" testType="13cdc9d9-ddb5-4fa4-a97d-d965ccfc6d4b" outcome="Passed" testListId="8c84fa94-04c1-424b-9868-57a2d4851a1d" relativeResultsDirectory="7145cdd6-6ae2-4330-90c4-b24a89591017" />
    <UnitTestResult executionId="81bb285f-12d2-46fd-b3e5-cb97a7d9d750" testId="cd9d254e-9291-2c14-c984-291c0eb1c10d" testName="GameSaveCenter.Playnite.Tests.GamePickerViewModelTests.ExplicitPersistedStatusIsPreserved" computerName="SULT" duration="00:00:00.0010000" startTime="2026-09-30T03:38:57.3432011+08:00" endTime="2026-09-30T03:38:57.3442018+08:00" testType="13cdc9d9-ddb5-4fa4-a97d-d965ccfc6d4b" outcome="Passed" testListId="8c84fa94-04c1-424b-9868-57a2d4851a1d" relativeResultsDirectory="81bb285f-12d2-46fd-b3e5-cb97a7d9d750" />
    <UnitTestResult executionId="f12d0b58-3002-4fab-b56f-4644ca94adde" testId="0247db42-d44b-2f24-18f6-fc9390354081" testName="GameSaveCenter.Playnite.Tests.GamePickerKeyboardBehaviorTests.ProductionSearchClearButtonClearsTextAndReturnsFocusToTheSearchBox" computerName="SULT" duration="00:00:00.1810000" startTime="2026-09-30T03:39:00.5473280+08:00" endTime="2026-09-30T03:39:00.7212107+08:00" testType="13cdc9d9-ddb5-4fa4-a97d-d965ccfc6d4b" outcome="Passed" testListId="8c84fa94-04c1-424b-9868-57a2d4851a1d" relativeResultsDirectory="f12d0b58-3002-4fab-b56f-4644ca94adde" />
    <UnitTestResult executionId="9d1d061f-0e5e-4554-8ace-aa98f0361e8d" testId="aec19de8-c519-0131-a42c-a53d1122a613" testName="GameSaveCenter.Playnite.Tests.GamePickerKeyboardBehaviorTests.EscapeClosesTheProductionPickerAndReturnsFocusToTheContextButton" computerName="SULT" duration="00:00:00.0760000" startTime="2026-09-30T03:39:00.0992047+08:00" endTime="2026-09-30T03:39:00.1666375+08:00" testType="13cdc9d9-ddb5-4fa4-a97d-d965ccfc6d4b" outcome="Passed" testListId="8c84fa94-04c1-424b-9868-57a2d4851a1d" relativeResultsDirectory="9d1d061f-0e5e-4554-8ace-aa98f0361e8d" />
    <UnitTestResult executionId="15e1479a-e3df-4efb-be08-1fc74953c6bc" testId="1f996600-dc8b-259c-b28a-3c1e631bb3eb" testName="GameSaveCenter.Playnite.Tests.GamePickerViewModelTests.SearchWhitespaceKeepsTheSameTrimmedFilterSemantics" computerName="SULT" duration="00:00:00.0070000" startTime="2026-09-30T03:38:57.3098440+08:00" endTime="2026-09-30T03:38:57.3108433+08:00" testType="13cdc9d9-ddb5-4fa4-a97d-d965ccfc6d4b" outcome="Passed" testListId="8c84fa94-04c1-424b-9868-57a2d4851a1d" relativeResultsDirectory="15e1479a-e3df-4efb-be08-1fc74953c6bc" />
  </Results>
  <TestDefinitions>
    <UnitTest name="GameSaveCenter.Playnite.Tests.GamePickerViewModelTests.FreshOrUnknownStatusDefaultsToInstalled(persistedStatus: null)" storage="d:\workplace\github\gamesavecenter\tests\gamesavecenter.playnite.tests\bin\release\net472\gamesavecenter.playnite.tests.dll" id="b56b5f15-4ab8-5996-68c4-0536c5157b43">
      <Execution id="fe012adf-3353-4f2e-a448-6c352d5e4380" />
      <TestMethod codeBase="D:\workplace\github\GameSaveCenter\tests\GameSaveCenter.Playnite.Tests\bin\Release\net472\GameSaveCenter.Playnite.Tests.dll" adapterTypeName="executor://xunit/VsTestRunner3/netfx/" className="GameSaveCenter.Playnite.Tests.GamePickerViewModelTests" name="FreshOrUnknownStatusDefaultsToInstalled" />
    </UnitTest>
    <UnitTest name="GameSaveCenter.Playnite.Tests.GamePickerViewModelTests.FreshOrUnknownStatusDefaultsToInstalled(persistedStatus: &quot;未知值&quot;)" storage="d:\workplace\github\gamesavecenter\tests\gamesavecenter.playnite.tests\bin\release\net472\gamesavecenter.playnite.tests.dll" id="9ef9c0e0-d5da-bf8a-7de7-c26bef2b5bf9">
      <Execution id="8e5c1318-1825-4b69-9e0c-efcd305df5ec" />
      <TestMethod codeBase="D:\workplace\github\GameSaveCenter\tests\GameSaveCenter.Playnite.Tests\bin\Release\net472\GameSaveCenter.Playnite.Tests.dll" adapterTypeName="executor://xunit/VsTestRunner3/netfx/" className="GameSaveCenter.Playnite.Tests.GamePickerViewModelTests" name="FreshOrUnknownStatusDefaultsToInstalled" />
    </UnitTest>
    <UnitTest name="GameSaveCenter.Playnite.Tests.GamePickerViewModelTests.SelectionIsPreservedWhenCurrentFiltersHideIt" storage="d:\workplace\github\gamesavecenter\tests\gamesavecenter.playnite.tests\bin\release\net472\gamesavecenter.playnite.tests.dll" id="23a09452-7fbc-d777-d6ce-0f205a0b9089">
      <Execution id="b6156448-ddac-4200-991e-0dac8fec70ca" />
      <TestMethod codeBase="D:\workplace\github\GameSaveCenter\tests\GameSaveCenter.Playnite.Tests\bin\Release\net472\GameSaveCenter.Playnite.Tests.dll" adapterTypeName="executor://xunit/VsTestRunner3/netfx/" className="GameSaveCenter.Playnite.Tests.GamePickerViewModelTests" name="SelectionIsPreservedWhenCurrentFiltersHideIt" />
    </UnitTest>
    <UnitTest name="GameSaveCenter.Playnite.Tests.GamePickerViewModelTests.ClearFiltersResetsSearchStatusAndPlatformButKeepsSort" storage="d:\workplace\github\gamesavecenter\tests\gamesavecenter.playnite.tests\bin\release\net472\gamesavecenter.playnite.tests.dll" id="e4b4ecdb-e68a-0106-a3af-2b2f5a18616c">
      <Execution id="2e7389e9-b545-4edf-928c-2d48bec48777" />
      <TestMethod codeBase="D:\workplace\github\GameSaveCenter\tests\GameSaveCenter.Playnite.Tests\bin\Release\net472\GameSaveCenter.Playnite.Tests.dll" adapterTypeName="executor://xunit/VsTestRunner3/netfx/" className="GameSaveCenter.Playnite.Tests.GamePickerViewModelTests" name="ClearFiltersResetsSearchStatusAndPlatformButKeepsSort" />
    </UnitTest>
    <UnitTest name="GameSaveCenter.Playnite.Tests.GamePickerViewModelTests.SearchWhitespaceKeepsTheSameTrimmedFilterSemantics" storage="d:\workplace\github\gamesavecenter\tests\gamesavecenter.playnite.tests\bin\release\net472\gamesavecenter.playnite.tests.dll" id="1f996600-dc8b-259c-b28a-3c1e631bb3eb">
      <Execution id="15e1479a-e3df-4efb-be08-1fc74953c6bc" />
      <TestMethod codeBase="D:\workplace\github\GameSaveCenter\tests\GameSaveCenter.Playnite.Tests\bin\Release\net472\GameSaveCenter.Playnite.Tests.dll" adapterTypeName="executor://xunit/VsTestRunner3/netfx/" className="GameSaveCenter.Playnite.Tests.GamePickerViewModelTests" name="SearchWhitespaceKeepsTheSameTrimmedFilterSemantics" />
    </UnitTest>
    <UnitTest name="GameSaveCenter.Playnite.Tests.KeyboardFocusSourceTests.TaskInspectorIsFocusableWithoutEnteringTabSequence" storage="d:\workplace\github\gamesavecenter\tests\gamesavecenter.playnite.tests\bin\release\net472\gamesavecenter.playnite.tests.dll" id="e0791591-f3fb-aa0b-4ea0-24c95e9a7ae3">
      <Execution id="5b8cf5b4-6f68-40e6-8619-c1929f98d0be" />
      <TestMethod codeBase="D:\workplace\github\GameSaveCenter\tests\GameSaveCenter.Playnite.Tests\bin\Release\net472\GameSaveCenter.Playnite.Tests.dll" adapterTypeName="executor://xunit/VsTestRunner3/netfx/" className="GameSaveCenter.Playnite.Tests.KeyboardFocusSourceTests" name="TaskInspectorIsFocusableWithoutEnteringTabSequence" />
    </UnitTest>
    <UnitTest name="GameSaveCenter.Playnite.Tests.GamePickerViewModelTests.SearchAndPlatformFilterUseLocalCacheWithoutWorkerDependency" storage="d:\workplace\github\gamesavecenter\tests\gamesavecenter.playnite.tests\bin\release\net472\gamesavecenter.playnite.tests.dll" id="e298cbf7-ea6b-e6b2-fcf2-8b69d096edc1">
      <Execution id="084c6a43-ecb1-4584-89b0-1598ec24d22a" />
      <TestMethod codeBase="D:\workplace\github\GameSaveCenter\tests\GameSaveCenter.Playnite.Tests\bin\Release\net472\GameSaveCenter.Playnite.Tests.dll" adapterTypeName="executor://xunit/VsTestRunner3/netfx/" className="GameSaveCenter.Playnite.Tests.GamePickerViewModelTests" name="SearchAndPlatformFilterUseLocalCacheWithoutWorkerDependency" />
    </UnitTest>
    <UnitTest name="GameSaveCenter.Playnite.Tests.GamePickerViewModelTests.FiltersInstalledMatchedBackupAttentionAndUnmatchedLocally" storage="d:\workplace\github\gamesavecenter\tests\gamesavecenter.playnite.tests\bin\release\net472\gamesavecenter.playnite.tests.dll" id="a33b174a-153d-c3ef-344a-f913bbbd63af">
      <Execution id="7ce96ba0-397d-4144-b0eb-9f4df5fc468e" />
      <TestMethod codeBase="D:\workplace\github\GameSaveCenter\tests\GameSaveCenter.Playnite.Tests\bin\Release\net472\GameSaveCenter.Playnite.Tests.dll" adapterTypeName="executor://xunit/VsTestRunner3/netfx/" className="GameSaveCenter.Playnite.Tests.GamePickerViewModelTests" name="FiltersInstalledMatchedBackupAttentionAndUnmatchedLocally" />
    </UnitTest>
    <UnitTest name="GameSaveCenter.Playnite.Tests.GamePickerKeyboardBehaviorTests.ActiveTextCompositionKeepsPickerOpenUntilCompositionCommits" storage="d:\workplace\github\gamesavecenter\tests\gamesavecenter.playnite.tests\bin\release\net472\gamesavecenter.playnite.tests.dll" id="ae894b52-3ecf-9c15-f90c-e32eb12650b7">
      <Execution id="45557e04-82ea-4899-a300-c675a9615298" />
      <TestMethod codeBase="D:\workplace\github\GameSaveCenter\tests\GameSaveCenter.Playnite.Tests\bin\Release\net472\GameSaveCenter.Playnite.Tests.dll" adapterTypeName="executor://xunit/VsTestRunner3/netfx/" className="GameSaveCenter.Playnite.Tests.GamePickerKeyboardBehaviorTests" name="ActiveTextCompositionKeepsPickerOpenUntilCompositionCommits" />
    </UnitTest>
    <UnitTest name="GameSaveCenter.Playnite.Tests.GamePickerViewModelTests.AllFilterIncludesUninstalledGameThatHasMatchOrBackup" storage="d:\workplace\github\gamesavecenter\tests\gamesavecenter.playnite.tests\bin\release\net472\gamesavecenter.playnite.tests.dll" id="ff77681d-e2ef-6eba-ad6e-58e162bd4783">
      <Execution id="a3d39c8b-2149-4b91-bf69-1e4fe63b20c3" />
      <TestMethod codeBase="D:\workplace\github\GameSaveCenter\tests\GameSaveCenter.Playnite.Tests\bin\Release\net472\GameSaveCenter.Playnite.Tests.dll" adapterTypeName="executor://xunit/VsTestRunner3/netfx/" className="GameSaveCenter.Playnite.Tests.GamePickerViewModelTests" name="AllFilterIncludesUninstalledGameThatHasMatchOrBackup" />
    </UnitTest>
    <UnitTest name="GameSaveCenter.Playnite.Tests.GamePickerViewModelTests.FreshOrUnknownStatusDefaultsToInstalled(persistedStatus: &quot;&quot;)" storage="d:\workplace\github\gamesavecenter\tests\gamesavecenter.playnite.tests\bin\release\net472\gamesavecenter.playnite.tests.dll" id="3e078d6f-9714-de7e-2e09-07117243d057">
      <Execution id="06e7dfd9-34b8-44ab-8eb9-7173b33fc6a0" />
      <TestMethod codeBase="D:\workplace\github\GameSaveCenter\tests\GameSaveCenter.Playnite.Tests\bin\Release\net472\GameSaveCenter.Playnite.Tests.dll" adapterTypeName="executor://xunit/VsTestRunner3/netfx/" className="GameSaveCenter.Playnite.Tests.GamePickerViewModelTests" name="FreshOrUnknownStatusDefaultsToInstalled" />
    </UnitTest>
    <UnitTest name="GameSaveCenter.Playnite.Tests.GamePickerKeyboardBehaviorTests.EnterWithNoVisibleResultKeepsThePreviouslySelectedGameAndPickerOpen" storage="d:\workplace\github\gamesavecenter\tests\gamesavecenter.playnite.tests\bin\release\net472\gamesavecenter.playnite.tests.dll" id="5e1c5085-98fd-7b9c-bc97-57b223f0dd74">
      <Execution id="edd7a0f6-226b-4f39-bf86-f46e2e0348a3" />
      <TestMethod codeBase="D:\workplace\github\GameSaveCenter\tests\GameSaveCenter.Playnite.Tests\bin\Release\net472\GameSaveCenter.Playnite.Tests.dll" adapterTypeName="executor://xunit/VsTestRunner3/netfx/" className="GameSaveCenter.Playnite.Tests.GamePickerKeyboardBehaviorTests" name="EnterWithNoVisibleResultKeepsThePreviouslySelectedGameAndPickerOpen" />
    </UnitTest>
    <UnitTest name="GameSaveCenter.Playnite.Tests.GamePickerKeyboardBehaviorTests.EnterConfirmsTheVisibleListCandidateAndReturnsFocusToTheContextButton" storage="d:\workplace\github\gamesavecenter\tests\gamesavecenter.playnite.tests\bin\release\net472\gamesavecenter.playnite.tests.dll" id="10cf7944-f661-0d0f-5c57-230c39db81fe">
      <Execution id="61536223-1a09-46a2-b874-72be96abc1af" />
      <TestMethod codeBase="D:\workplace\github\GameSaveCenter\tests\GameSaveCenter.Playnite.Tests\bin\Release\net472\GameSaveCenter.Playnite.Tests.dll" adapterTypeName="executor://xunit/VsTestRunner3/netfx/" className="GameSaveCenter.Playnite.Tests.GamePickerKeyboardBehaviorTests" name="EnterConfirmsTheVisibleListCandidateAndReturnsFocusToTheContextButton" />
    </UnitTest>
    <UnitTest name="GameSaveCenter.Playnite.Tests.GamePickerViewModelTests.ChangedSelectedGameRefreshRaisesSelectedGameNotification" storage="d:\workplace\github\gamesavecenter\tests\gamesavecenter.playnite.tests\bin\release\net472\gamesavecenter.playnite.tests.dll" id="73204464-2bdc-fb0d-9709-b1747f7f738f">
      <Execution id="57513ada-8734-4666-9275-c05d448cdf4c" />
      <TestMethod codeBase="D:\workplace\github\GameSaveCenter\tests\GameSaveCenter.Playnite.Tests\bin\Release\net472\GameSaveCenter.Playnite.Tests.dll" adapterTypeName="executor://xunit/VsTestRunner3/netfx/" className="GameSaveCenter.Playnite.Tests.GamePickerViewModelTests" name="ChangedSelectedGameRefreshRaisesSelectedGameNotification" />
    </UnitTest>
    <UnitTest name="GameSaveCenter.Playnite.Tests.GamePickerViewModelTests.SelectionFallsBackWhenSelectedGameIsRemovedAndPreservesHiddenSelection" storage="d:\workplace\github\gamesavecenter\tests\gamesavecenter.playnite.tests\bin\release\net472\gamesavecenter.playnite.tests.dll" id="c8c9f206-4bcf-412d-e70a-84203e568cc5">
      <Execution id="54097a31-d69b-42d0-a5aa-ebcb2013aa9d" />
      <TestMethod codeBase="D:\workplace\github\GameSaveCenter\tests\GameSaveCenter.Playnite.Tests\bin\Release\net472\GameSaveCenter.Playnite.Tests.dll" adapterTypeName="executor://xunit/VsTestRunner3/netfx/" className="GameSaveCenter.Playnite.Tests.GamePickerViewModelTests" name="SelectionFallsBackWhenSelectedGameIsRemovedAndPreservesHiddenSelection" />
    </UnitTest>
    <UnitTest name="GameSaveCenter.Playnite.Tests.GamePickerViewModelTests.LargeSetReplacementEmitsOneResetNotification" storage="d:\workplace\github\gamesavecenter\tests\gamesavecenter.playnite.tests\bin\release\net472\gamesavecenter.playnite.tests.dll" id="997713b0-e9e9-642d-ff38-5b8b5c186c98">
      <Execution id="63b95bb2-abae-4e7d-a369-785da052dc54" />
      <TestMethod codeBase="D:\workplace\github\GameSaveCenter\tests\GameSaveCenter.Playnite.Tests\bin\Release\net472\GameSaveCenter.Playnite.Tests.dll" adapterTypeName="executor://xunit/VsTestRunner3/netfx/" className="GameSaveCenter.Playnite.Tests.GamePickerViewModelTests" name="LargeSetReplacementEmitsOneResetNotification" />
    </UnitTest>
    <UnitTest name="GameSaveCenter.Playnite.Tests.KeyboardFocusSourceTests.ProductionGamePickerEscapeActuallyReturnsFocusToContextButton" storage="d:\workplace\github\gamesavecenter\tests\gamesavecenter.playnite.tests\bin\release\net472\gamesavecenter.playnite.tests.dll" id="bf221653-53ea-e370-7ed0-a5ed40dba975">
      <Execution id="90ad6855-281d-443d-87b8-235fc5682424" />
      <TestMethod codeBase="D:\workplace\github\GameSaveCenter\tests\GameSaveCenter.Playnite.Tests\bin\Release\net472\GameSaveCenter.Playnite.Tests.dll" adapterTypeName="executor://xunit/VsTestRunner3/netfx/" className="GameSaveCenter.Playnite.Tests.KeyboardFocusSourceTests" name="ProductionGamePickerEscapeActuallyReturnsFocusToContextButton" />
    </UnitTest>
    <UnitTest name="GameSaveCenter.Playnite.Tests.GamePickerViewModelTests.PickerItemsExposeStableIdentityAndOptionalPlayniteIcon" storage="d:\workplace\github\gamesavecenter\tests\gamesavecenter.playnite.tests\bin\release\net472\gamesavecenter.playnite.tests.dll" id="84df336c-92d0-c0ab-9241-a0f6f9524780">
      <Execution id="7fecd28c-6997-4d0c-a16c-7e7506fa76a6" />
      <TestMethod codeBase="D:\workplace\github\GameSaveCenter\tests\GameSaveCenter.Playnite.Tests\bin\Release\net472\GameSaveCenter.Playnite.Tests.dll" adapterTypeName="executor://xunit/VsTestRunner3/netfx/" className="GameSaveCenter.Playnite.Tests.GamePickerViewModelTests" name="PickerItemsExposeStableIdentityAndOptionalPlayniteIcon" />
    </UnitTest>
    <UnitTest name="GameSaveCenter.Playnite.Tests.GamePickerViewModelTests.UnchangedSetEmitsNoCollectionNotification" storage="d:\workplace\github\gamesavecenter\tests\gamesavecenter.playnite.tests\bin\release\net472\gamesavecenter.playnite.tests.dll" id="ec6a6737-9a66-11c3-1800-31805a6f6a7e">
      <Execution id="486e2445-1fcd-4aab-8a43-3adddf3f15d9" />
      <TestMethod codeBase="D:\workplace\github\GameSaveCenter\tests\GameSaveCenter.Playnite.Tests\bin\Release\net472\GameSaveCenter.Playnite.Tests.dll" adapterTypeName="executor://xunit/VsTestRunner3/netfx/" className="GameSaveCenter.Playnite.Tests.GamePickerViewModelTests" name="UnchangedSetEmitsNoCollectionNotification" />
    </UnitTest>
    <UnitTest name="GameSaveCenter.Playnite.Tests.KeyboardFocusSourceTests.CompactInspectorsDeclareEscapeAndFocusReturnContract" storage="d:\workplace\github\gamesavecenter\tests\gamesavecenter.playnite.tests\bin\release\net472\gamesavecenter.playnite.tests.dll" id="a35cfc3b-1888-23e9-ad5f-20481d79577d">
      <Execution id="90e83246-710f-4fc7-9ce4-d1bf44a50b2d" />
      <TestMethod codeBase="D:\workplace\github\GameSaveCenter\tests\GameSaveCenter.Playnite.Tests\bin\Release\net472\GameSaveCenter.Playnite.Tests.dll" adapterTypeName="executor://xunit/VsTestRunner3/netfx/" className="GameSaveCenter.Playnite.Tests.KeyboardFocusSourceTests" name="CompactInspectorsDeclareEscapeAndFocusReturnContract" />
    </UnitTest>
    <UnitTest name="GameSaveCenter.Playnite.Tests.GamePickerViewModelTests.PickerItemsExposeDemoStylePresentationFieldsLocally" storage="d:\workplace\github\gamesavecenter\tests\gamesavecenter.playnite.tests\bin\release\net472\gamesavecenter.playnite.tests.dll" id="3587199d-b270-a61a-0ea4-44567b784cde">
      <Execution id="83b7190f-aab3-44fb-bb52-65855731ea60" />
      <TestMethod codeBase="D:\workplace\github\GameSaveCenter\tests\GameSaveCenter.Playnite.Tests\bin\Release\net472\GameSaveCenter.Playnite.Tests.dll" adapterTypeName="executor://xunit/VsTestRunner3/netfx/" className="GameSaveCenter.Playnite.Tests.GamePickerViewModelTests" name="PickerItemsExposeDemoStylePresentationFieldsLocally" />
    </UnitTest>
    <UnitTest name="GameSaveCenter.Playnite.Tests.GamePickerViewModelTests.PersistedStateIsRestoredWithoutAnyWorkerRequest" storage="d:\workplace\github\gamesavecenter\tests\gamesavecenter.playnite.tests\bin\release\net472\gamesavecenter.playnite.tests.dll" id="3b578851-a22d-ecfd-41ff-473668dd68e6">
      <Execution id="9258cded-f70a-478d-bcfb-ecd02ce1958b" />
      <TestMethod codeBase="D:\workplace\github\GameSaveCenter\tests\GameSaveCenter.Playnite.Tests\bin\Release\net472\GameSaveCenter.Playnite.Tests.dll" adapterTypeName="executor://xunit/VsTestRunner3/netfx/" className="GameSaveCenter.Playnite.Tests.GamePickerViewModelTests" name="PersistedStateIsRestoredWithoutAnyWorkerRequest" />
    </UnitTest>
    <UnitTest name="GameSaveCenter.Playnite.Tests.GamePickerKeyboardBehaviorTests.EscapeClosesTheProductionPickerAndReturnsFocusToTheContextButton" storage="d:\workplace\github\gamesavecenter\tests\gamesavecenter.playnite.tests\bin\release\net472\gamesavecenter.playnite.tests.dll" id="aec19de8-c519-0131-a42c-a53d1122a613">
      <Execution id="9d1d061f-0e5e-4554-8ace-aa98f0361e8d" />
      <TestMethod codeBase="D:\workplace\github\GameSaveCenter\tests\GameSaveCenter.Playnite.Tests\bin\Release\net472\GameSaveCenter.Playnite.Tests.dll" adapterTypeName="executor://xunit/VsTestRunner3/netfx/" className="GameSaveCenter.Playnite.Tests.GamePickerKeyboardBehaviorTests" name="EscapeClosesTheProductionPickerAndReturnsFocusToTheContextButton" />
    </UnitTest>
    <UnitTest name="GameSaveCenter.Playnite.Tests.GamePickerViewModelTests.FilterDiagnosisUsesTheSamePredicateAsThePicker" storage="d:\workplace\github\gamesavecenter\tests\gamesavecenter.playnite.tests\bin\release\net472\gamesavecenter.playnite.tests.dll" id="a8fd9437-2cca-22b6-ec0e-4f241cacbb96">
      <Execution id="723c3ae9-31a1-44af-b5e1-e36a0287f0b0" />
      <TestMethod codeBase="D:\workplace\github\GameSaveCenter\tests\GameSaveCenter.Playnite.Tests\bin\Release\net472\GameSaveCenter.Playnite.Tests.dll" adapterTypeName="executor://xunit/VsTestRunner3/netfx/" className="GameSaveCenter.Playnite.Tests.GamePickerViewModelTests" name="FilterDiagnosisUsesTheSamePredicateAsThePicker" />
    </UnitTest>
    <UnitTest name="GameSaveCenter.Playnite.Tests.GamePickerViewModelTests.NewPickerShowsAllGamesByDefault" storage="d:\workplace\github\gamesavecenter\tests\gamesavecenter.playnite.tests\bin\release\net472\gamesavecenter.playnite.tests.dll" id="5ed97c4a-ef50-f3c2-bfc3-4d5b56f0e3b0">
      <Execution id="0a827582-e6f9-4a6d-8891-8231e8461313" />
      <TestMethod codeBase="D:\workplace\github\GameSaveCenter\tests\GameSaveCenter.Playnite.Tests\bin\Release\net472\GameSaveCenter.Playnite.Tests.dll" adapterTypeName="executor://xunit/VsTestRunner3/netfx/" className="GameSaveCenter.Playnite.Tests.GamePickerViewModelTests" name="NewPickerShowsAllGamesByDefault" />
    </UnitTest>
    <UnitTest name="GameSaveCenter.Playnite.Tests.GamePickerKeyboardBehaviorTests.ProductionSearchClearButtonClearsTextAndReturnsFocusToTheSearchBox" storage="d:\workplace\github\gamesavecenter\tests\gamesavecenter.playnite.tests\bin\release\net472\gamesavecenter.playnite.tests.dll" id="0247db42-d44b-2f24-18f6-fc9390354081">
      <Execution id="f12d0b58-3002-4fab-b56f-4644ca94adde" />
      <TestMethod codeBase="D:\workplace\github\GameSaveCenter\tests\GameSaveCenter.Playnite.Tests\bin\Release\net472\GameSaveCenter.Playnite.Tests.dll" adapterTypeName="executor://xunit/VsTestRunner3/netfx/" className="GameSaveCenter.Playnite.Tests.GamePickerKeyboardBehaviorTests" name="ProductionSearchClearButtonClearsTextAndReturnsFocusToTheSearchBox" />
    </UnitTest>
    <UnitTest name="GameSaveCenter.Playnite.Tests.GamePickerViewModelTests.SameNameItemsRemainDistinctAndSelectionUsesPlayniteId" storage="d:\workplace\github\gamesavecenter\tests\gamesavecenter.playnite.tests\bin\release\net472\gamesavecenter.playnite.tests.dll" id="fb82b4a6-3e13-529b-bfa7-98301e41062b">
      <Execution id="4a4a11c8-bbd8-49eb-8850-bd11932f06c6" />
      <TestMethod codeBase="D:\workplace\github\GameSaveCenter\tests\GameSaveCenter.Playnite.Tests\bin\Release\net472\GameSaveCenter.Playnite.Tests.dll" adapterTypeName="executor://xunit/VsTestRunner3/netfx/" className="GameSaveCenter.Playnite.Tests.GamePickerViewModelTests" name="SameNameItemsRemainDistinctAndSelectionUsesPlayniteId" />
    </UnitTest>
    <UnitTest name="GameSaveCenter.Playnite.Tests.KeyboardFocusSourceTests.ProductionGamePickerClosesWithEscapeOrEnterAndReturnsFocus" storage="d:\workplace\github\gamesavecenter\tests\gamesavecenter.playnite.tests\bin\release\net472\gamesavecenter.playnite.tests.dll" id="f4cb4959-5ce4-5d15-f09b-2ab89a1b8546">
      <Execution id="aa85ae81-e21f-4843-a6f1-0236bbee804f" />
      <TestMethod codeBase="D:\workplace\github\GameSaveCenter\tests\GameSaveCenter.Playnite.Tests\bin\Release\net472\GameSaveCenter.Playnite.Tests.dll" adapterTypeName="executor://xunit/VsTestRunner3/netfx/" className="GameSaveCenter.Playnite.Tests.KeyboardFocusSourceTests" name="ProductionGamePickerClosesWithEscapeOrEnterAndReturnsFocus" />
    </UnitTest>
    <UnitTest name="GameSaveCenter.Playnite.Tests.GamePickerViewModelTests.SortModesHaveStableNameTieBreaker" storage="d:\workplace\github\gamesavecenter\tests\gamesavecenter.playnite.tests\bin\release\net472\gamesavecenter.playnite.tests.dll" id="dc2d4766-0b4e-7695-2e56-0dfc5d918197">
      <Execution id="f0fc617c-7843-42f9-bf2b-e94c50627e60" />
      <TestMethod codeBase="D:\workplace\github\GameSaveCenter\tests\GameSaveCenter.Playnite.Tests\bin\Release\net472\GameSaveCenter.Playnite.Tests.dll" adapterTypeName="executor://xunit/VsTestRunner3/netfx/" className="GameSaveCenter.Playnite.Tests.GamePickerViewModelTests" name="SortModesHaveStableNameTieBreaker" />
    </UnitTest>
    <UnitTest name="GameSaveCenter.Playnite.Tests.GamePickerViewModelTests.InstalledFilterKeepsInstalledGameVisibleWhenSearching" storage="d:\workplace\github\gamesavecenter\tests\gamesavecenter.playnite.tests\bin\release\net472\gamesavecenter.playnite.tests.dll" id="93684569-1393-c664-a57e-00592eb6bf94">
      <Execution id="7145cdd6-6ae2-4330-90c4-b24a89591017" />
      <TestMethod codeBase="D:\workplace\github\GameSaveCenter\tests\GameSaveCenter.Playnite.Tests\bin\Release\net472\GameSaveCenter.Playnite.Tests.dll" adapterTypeName="executor://xunit/VsTestRunner3/netfx/" className="GameSaveCenter.Playnite.Tests.GamePickerViewModelTests" name="InstalledFilterKeepsInstalledGameVisibleWhenSearching" />
    </UnitTest>
    <UnitTest name="GameSaveCenter.Playnite.Tests.GamePickerKeyboardBehaviorTests.ImeProcessedAndArrowKeysRemainInThePickerInputRoute" storage="d:\workplace\github\gamesavecenter\tests\gamesavecenter.playnite.tests\bin\release\net472\gamesavecenter.playnite.tests.dll" id="6b3fe9f0-76e6-dc62-9c8d-d551ba38833d">
      <Execution id="a4849b90-3a05-474a-b416-dd5a77df91d5" />
      <TestMethod codeBase="D:\workplace\github\GameSaveCenter\tests\GameSaveCenter.Playnite.Tests\bin\Release\net472\GameSaveCenter.Playnite.Tests.dll" adapterTypeName="executor://xunit/VsTestRunner3/netfx/" className="GameSaveCenter.Playnite.Tests.GamePickerKeyboardBehaviorTests" name="ImeProcessedAndArrowKeysRemainInThePickerInputRoute" />
    </UnitTest>
    <UnitTest name="GameSaveCenter.Playnite.Tests.GamePickerViewModelTests.ExplicitPersistedStatusIsPreserved" storage="d:\workplace\github\gamesavecenter\tests\gamesavecenter.playnite.tests\bin\release\net472\gamesavecenter.playnite.tests.dll" id="cd9d254e-9291-2c14-c984-291c0eb1c10d">
      <Execution id="81bb285f-12d2-46fd-b3e5-cb97a7d9d750" />
      <TestMethod codeBase="D:\workplace\github\GameSaveCenter\tests\GameSaveCenter.Playnite.Tests\bin\Release\net472\GameSaveCenter.Playnite.Tests.dll" adapterTypeName="executor://xunit/VsTestRunner3/netfx/" className="GameSaveCenter.Playnite.Tests.GamePickerViewModelTests" name="ExplicitPersistedStatusIsPreserved" />
    </UnitTest>
    <UnitTest name="GameSaveCenter.Playnite.Tests.KeyboardFocusSourceTests.ProductionHeaderAndPickerActionsHaveStableAutomationNames" storage="d:\workplace\github\gamesavecenter\tests\gamesavecenter.playnite.tests\bin\release\net472\gamesavecenter.playnite.tests.dll" id="f8ac4bf1-cf34-211a-fd92-361920303a10">
      <Execution id="d0816c2e-f722-409c-b60d-2d1ea1a4206d" />
      <TestMethod codeBase="D:\workplace\github\GameSaveCenter\tests\GameSaveCenter.Playnite.Tests\bin\Release\net472\GameSaveCenter.Playnite.Tests.dll" adapterTypeName="executor://xunit/VsTestRunner3/netfx/" className="GameSaveCenter.Playnite.Tests.KeyboardFocusSourceTests" name="ProductionHeaderAndPickerActionsHaveStableAutomationNames" />
    </UnitTest>
  </TestDefinitions>
  <TestEntries>
    <TestEntry testId="10cf7944-f661-0d0f-5c57-230c39db81fe" executionId="61536223-1a09-46a2-b874-72be96abc1af" testListId="8c84fa94-04c1-424b-9868-57a2d4851a1d" />
    <TestEntry testId="e4b4ecdb-e68a-0106-a3af-2b2f5a18616c" executionId="2e7389e9-b545-4edf-928c-2d48bec48777" testListId="8c84fa94-04c1-424b-9868-57a2d4851a1d" />
    <TestEntry testId="dc2d4766-0b4e-7695-2e56-0dfc5d918197" executionId="f0fc617c-7843-42f9-bf2b-e94c50627e60" testListId="8c84fa94-04c1-424b-9868-57a2d4851a1d" />
    <TestEntry testId="3b578851-a22d-ecfd-41ff-473668dd68e6" executionId="9258cded-f70a-478d-bcfb-ecd02ce1958b" testListId="8c84fa94-04c1-424b-9868-57a2d4851a1d" />
    <TestEntry testId="e298cbf7-ea6b-e6b2-fcf2-8b69d096edc1" executionId="084c6a43-ecb1-4584-89b0-1598ec24d22a" testListId="8c84fa94-04c1-424b-9868-57a2d4851a1d" />
    <TestEntry testId="5ed97c4a-ef50-f3c2-bfc3-4d5b56f0e3b0" executionId="0a827582-e6f9-4a6d-8891-8231e8461313" testListId="8c84fa94-04c1-424b-9868-57a2d4851a1d" />
    <TestEntry testId="23a09452-7fbc-d777-d6ce-0f205a0b9089" executionId="b6156448-ddac-4200-991e-0dac8fec70ca" testListId="8c84fa94-04c1-424b-9868-57a2d4851a1d" />
    <TestEntry testId="6b3fe9f0-76e6-dc62-9c8d-d551ba38833d" executionId="a4849b90-3a05-474a-b416-dd5a77df91d5" testListId="8c84fa94-04c1-424b-9868-57a2d4851a1d" />
    <TestEntry testId="5e1c5085-98fd-7b9c-bc97-57b223f0dd74" executionId="edd7a0f6-226b-4f39-bf86-f46e2e0348a3" testListId="8c84fa94-04c1-424b-9868-57a2d4851a1d" />
    <TestEntry testId="fb82b4a6-3e13-529b-bfa7-98301e41062b" executionId="4a4a11c8-bbd8-49eb-8850-bd11932f06c6" testListId="8c84fa94-04c1-424b-9868-57a2d4851a1d" />
    <TestEntry testId="ec6a6737-9a66-11c3-1800-31805a6f6a7e" executionId="486e2445-1fcd-4aab-8a43-3adddf3f15d9" testListId="8c84fa94-04c1-424b-9868-57a2d4851a1d" />
    <TestEntry testId="73204464-2bdc-fb0d-9709-b1747f7f738f" executionId="57513ada-8734-4666-9275-c05d448cdf4c" testListId="8c84fa94-04c1-424b-9868-57a2d4851a1d" />
    <TestEntry testId="997713b0-e9e9-642d-ff38-5b8b5c186c98" executionId="63b95bb2-abae-4e7d-a369-785da052dc54" testListId="8c84fa94-04c1-424b-9868-57a2d4851a1d" />
    <TestEntry testId="3587199d-b270-a61a-0ea4-44567b784cde" executionId="83b7190f-aab3-44fb-bb52-65855731ea60" testListId="8c84fa94-04c1-424b-9868-57a2d4851a1d" />
    <TestEntry testId="c8c9f206-4bcf-412d-e70a-84203e568cc5" executionId="54097a31-d69b-42d0-a5aa-ebcb2013aa9d" testListId="8c84fa94-04c1-424b-9868-57a2d4851a1d" />
    <TestEntry testId="a8fd9437-2cca-22b6-ec0e-4f241cacbb96" executionId="723c3ae9-31a1-44af-b5e1-e36a0287f0b0" testListId="8c84fa94-04c1-424b-9868-57a2d4851a1d" />
    <TestEntry testId="ae894b52-3ecf-9c15-f90c-e32eb12650b7" executionId="45557e04-82ea-4899-a300-c675a9615298" testListId="8c84fa94-04c1-424b-9868-57a2d4851a1d" />
    <TestEntry testId="a35cfc3b-1888-23e9-ad5f-20481d79577d" executionId="90e83246-710f-4fc7-9ce4-d1bf44a50b2d" testListId="8c84fa94-04c1-424b-9868-57a2d4851a1d" />
    <TestEntry testId="a33b174a-153d-c3ef-344a-f913bbbd63af" executionId="7ce96ba0-397d-4144-b0eb-9f4df5fc468e" testListId="8c84fa94-04c1-424b-9868-57a2d4851a1d" />
    <TestEntry testId="3e078d6f-9714-de7e-2e09-07117243d057" executionId="06e7dfd9-34b8-44ab-8eb9-7173b33fc6a0" testListId="8c84fa94-04c1-424b-9868-57a2d4851a1d" />
    <TestEntry testId="bf221653-53ea-e370-7ed0-a5ed40dba975" executionId="90ad6855-281d-443d-87b8-235fc5682424" testListId="8c84fa94-04c1-424b-9868-57a2d4851a1d" />
    <TestEntry testId="b56b5f15-4ab8-5996-68c4-0536c5157b43" executionId="fe012adf-3353-4f2e-a448-6c352d5e4380" testListId="8c84fa94-04c1-424b-9868-57a2d4851a1d" />
    <TestEntry testId="f4cb4959-5ce4-5d15-f09b-2ab89a1b8546" executionId="aa85ae81-e21f-4843-a6f1-0236bbee804f" testListId="8c84fa94-04c1-424b-9868-57a2d4851a1d" />
    <TestEntry testId="9ef9c0e0-d5da-bf8a-7de7-c26bef2b5bf9" executionId="8e5c1318-1825-4b69-9e0c-efcd305df5ec" testListId="8c84fa94-04c1-424b-9868-57a2d4851a1d" />
    <TestEntry testId="ff77681d-e2ef-6eba-ad6e-58e162bd4783" executionId="a3d39c8b-2149-4b91-bf69-1e4fe63b20c3" testListId="8c84fa94-04c1-424b-9868-57a2d4851a1d" />
    <TestEntry testId="84df336c-92d0-c0ab-9241-a0f6f9524780" executionId="7fecd28c-6997-4d0c-a16c-7e7506fa76a6" testListId="8c84fa94-04c1-424b-9868-57a2d4851a1d" />
    <TestEntry testId="e0791591-f3fb-aa0b-4ea0-24c95e9a7ae3" executionId="5b8cf5b4-6f68-40e6-8619-c1929f98d0be" testListId="8c84fa94-04c1-424b-9868-57a2d4851a1d" />
    <TestEntry testId="f8ac4bf1-cf34-211a-fd92-361920303a10" executionId="d0816c2e-f722-409c-b60d-2d1ea1a4206d" testListId="8c84fa94-04c1-424b-9868-57a2d4851a1d" />
    <TestEntry testId="93684569-1393-c664-a57e-00592eb6bf94" executionId="7145cdd6-6ae2-4330-90c4-b24a89591017" testListId="8c84fa94-04c1-424b-9868-57a2d4851a1d" />
    <TestEntry testId="cd9d254e-9291-2c14-c984-291c0eb1c10d" executionId="81bb285f-12d2-46fd-b3e5-cb97a7d9d750" testListId="8c84fa94-04c1-424b-9868-57a2d4851a1d" />
    <TestEntry testId="0247db42-d44b-2f24-18f6-fc9390354081" executionId="f12d0b58-3002-4fab-b56f-4644ca94adde" testListId="8c84fa94-04c1-424b-9868-57a2d4851a1d" />
    <TestEntry testId="aec19de8-c519-0131-a42c-a53d1122a613" executionId="9d1d061f-0e5e-4554-8ace-aa98f0361e8d" testListId="8c84fa94-04c1-424b-9868-57a2d4851a1d" />
    <TestEntry testId="1f996600-dc8b-259c-b28a-3c1e631bb3eb" executionId="15e1479a-e3df-4efb-be08-1fc74953c6bc" testListId="8c84fa94-04c1-424b-9868-57a2d4851a1d" />
  </TestEntries>
  <TestLists>
    <TestList name="列表中未列出的结果" id="8c84fa94-04c1-424b-9868-57a2d4851a1d" />
    <TestList name="所有已加载的结果" id="19431567-8539-422a-85d7-44ee4e166bda" />
  </TestLists>
  <ResultSummary outcome="Completed">
    <Counters total="33" executed="33" passed="33" failed="0" error="0" timeout="0" aborted="0" inconclusive="0" passedButRunAborted="0" notRunnable="0" notExecuted="0" disconnected="0" warning="0" completed="0" inProgress="0" pending="0" />
    <Output>
      <StdOut>[xUnit.net 00:00:00.00] xUnit.net VSTest Adapter v3.1.4+50e68bbb8b (64-bit .NET Framework 4.8.9181.0)&#xD;
[xUnit.net 00:00:00.38]   Discovering: GameSaveCenter.Playnite.Tests&#xD;
[xUnit.net 00:00:02.74]   Discovered:  GameSaveCenter.Playnite.Tests&#xD;
[xUnit.net 00:00:02.81]   Starting:    GameSaveCenter.Playnite.Tests&#xD;
[xUnit.net 00:00:06.81]   Finished:    GameSaveCenter.Playnite.Tests&#xD;
</StdOut>
    </Output>
  </ResultSummary>
</TestRun>