<?xml version="1.0" encoding="utf-8"?>
<TestRun id="7b62ee08-9f9f-4fa2-9b76-02f6d783adc4" name="lopmatu@SULT 2026-09-30 00:46:46" runUser="Sult\lopmatu" xmlns="http://microsoft.com/schemas/VisualStudio/TeamTest/2010">
  <Times creation="2026-09-30T00:46:46.9374789+08:00" queuing="2026-09-30T00:46:46.9374794+08:00" start="2026-09-30T00:46:40.4506678+08:00" finish="2026-09-30T00:47:03.2212003+08:00" />
  <TestSettings name="default" id="a93aaa64-6f05-4bf9-8cbb-9f2e65666769">
    <Deployment runDeploymentRoot="lopmatu_SULT_2026-09-30_00_46_46" />
  </TestSettings>
  <Results>
    <UnitTestResult executionId="0ca2d39d-e6e8-467e-b39b-03d450f35da5" testId="8c380152-25b4-e4c3-56e5-4de35368b0bb" testName="GameSaveCenter.Playnite.Tests.ReportedWorkspaceLayoutBehaviorTests.OverviewHeaderCopyHidesAfterDataLoadsAndMetricUsesThemeAccent(theme: Dark)" computerName="SULT" duration="00:00:02.2630000" startTime="2026-09-30T00:46:44.6528271+08:00" endTime="2026-09-30T00:46:46.8908149+08:00" testType="13cdc9d9-ddb5-4fa4-a97d-d965ccfc6d4b" outcome="Passed" testListId="8c84fa94-04c1-424b-9868-57a2d4851a1d" relativeResultsDirectory="0ca2d39d-e6e8-467e-b39b-03d450f35da5">
      <Output>
        <StdOut>Dark overview hint Visible -&gt; Collapsed -&gt; Visible; toolbar 112 -&gt; 92 DIP; cloud queue=4 metric accent=##FF7C8CF8, attention title warning, status capsule info=##FF5CAAF0, command retained, contrast=4.77/4.77/7.66:1</StdOut>
      </Output>
    </UnitTestResult>
    <UnitTestResult executionId="b99ae1c8-1fbc-4e88-af39-68547876d89d" testId="172d39e8-024c-b711-e067-d9898f3e7681" testName="GameSaveCenter.Playnite.Tests.ReportedWorkspaceLayoutBehaviorTests.OverviewHeaderCopyHidesAfterDataLoadsAndMetricUsesThemeAccent(theme: Light)" computerName="SULT" duration="00:00:00.5380000" startTime="2026-09-30T00:46:46.9204203+08:00" endTime="2026-09-30T00:46:47.4284864+08:00" testType="13cdc9d9-ddb5-4fa4-a97d-d965ccfc6d4b" outcome="Passed" testListId="8c84fa94-04c1-424b-9868-57a2d4851a1d" relativeResultsDirectory="b99ae1c8-1fbc-4e88-af39-68547876d89d">
      <Output>
        <StdOut>Light overview hint Visible -&gt; Collapsed -&gt; Visible; toolbar 112 -&gt; 92 DIP; cloud queue=4 metric accent=##FF5B74E6, attention title warning, status capsule info=##FF256FBD, command retained, contrast=4.13/4.13/4.72:1</StdOut>
      </Output>
    </UnitTestResult>
  </Results>
  <TestDefinitions>
    <UnitTest name="GameSaveCenter.Playnite.Tests.ReportedWorkspaceLayoutBehaviorTests.OverviewHeaderCopyHidesAfterDataLoadsAndMetricUsesThemeAccent(theme: Light)" storage="d:\workplace\github\gamesavecenter\.tmp\overview-cloud-count\bin\gamesavecenter.playnite.tests\release\net472\gamesavecenter.playnite.tests.dll" id="172d39e8-024c-b711-e067-d9898f3e7681">
      <Execution id="b99ae1c8-1fbc-4e88-af39-68547876d89d" />
      <TestMethod codeBase="D:\workplace\github\GameSaveCenter\.tmp\overview-cloud-count\bin\GameSaveCenter.Playnite.Tests\Release\net472\GameSaveCenter.Playnite.Tests.dll" adapterTypeName="executor://xunit/VsTestRunner3/netfx/" className="GameSaveCenter.Playnite.Tests.ReportedWorkspaceLayoutBehaviorTests" name="OverviewHeaderCopyHidesAfterDataLoadsAndMetricUsesThemeAccent" />
    </UnitTest>
    <UnitTest name="GameSaveCenter.Playnite.Tests.ReportedWorkspaceLayoutBehaviorTests.OverviewHeaderCopyHidesAfterDataLoadsAndMetricUsesThemeAccent(theme: Dark)" storage="d:\workplace\github\gamesavecenter\.tmp\overview-cloud-count\bin\gamesavecenter.playnite.tests\release\net472\gamesavecenter.playnite.tests.dll" id="8c380152-25b4-e4c3-56e5-4de35368b0bb">
      <Execution id="0ca2d39d-e6e8-467e-b39b-03d450f35da5" />
      <TestMethod codeBase="D:\workplace\github\GameSaveCenter\.tmp\overview-cloud-count\bin\GameSaveCenter.Playnite.Tests\Release\net472\GameSaveCenter.Playnite.Tests.dll" adapterTypeName="executor://xunit/VsTestRunner3/netfx/" className="GameSaveCenter.Playnite.Tests.ReportedWorkspaceLayoutBehaviorTests" name="OverviewHeaderCopyHidesAfterDataLoadsAndMetricUsesThemeAccent" />
    </UnitTest>
  </TestDefinitions>
  <TestEntries>
    <TestEntry testId="8c380152-25b4-e4c3-56e5-4de35368b0bb" executionId="0ca2d39d-e6e8-467e-b39b-03d450f35da5" testListId="8c84fa94-04c1-424b-9868-57a2d4851a1d" />
    <TestEntry testId="172d39e8-024c-b711-e067-d9898f3e7681" executionId="b99ae1c8-1fbc-4e88-af39-68547876d89d" testListId="8c84fa94-04c1-424b-9868-57a2d4851a1d" />
  </TestEntries>
  <TestLists>
    <TestList name="列表中未列出的结果" id="8c84fa94-04c1-424b-9868-57a2d4851a1d" />
    <TestList name="所有已加载的结果" id="19431567-8539-422a-85d7-44ee4e166bda" />
  </TestLists>
  <ResultSummary outcome="Completed">
    <Counters total="2" executed="2" passed="2" failed="0" error="0" timeout="0" aborted="0" inconclusive="0" passedButRunAborted="0" notRunnable="0" notExecuted="0" disconnected="0" warning="0" completed="0" inProgress="0" pending="0" />
    <Output>
      <StdOut>[xUnit.net 00:00:00.00] xUnit.net VSTest Adapter v3.1.4+50e68bbb8b (64-bit .NET Framework 4.8.9181.0)&#xD;
[xUnit.net 00:00:00.41]   Discovering: GameSaveCenter.Playnite.Tests&#xD;
[xUnit.net 00:00:02.78]   Discovered:  GameSaveCenter.Playnite.Tests&#xD;
[xUnit.net 00:00:02.84]   Starting:    GameSaveCenter.Playnite.Tests&#xD;
[xUnit.net 00:00:06.00]   Finished:    GameSaveCenter.Playnite.Tests&#xD;
</StdOut>
    </Output>
  </ResultSummary>
</TestRun>